Archive member included to satisfy reference by file (symbol)

C:/ST/STM32CubeIDE_1.15.1/STM32CubeIDE/plugins/com.st.stm32cube.ide.mcu.externaltools.gnu-tools-for-stm32.12.3.rel1.win32_1.1.0.202410251130/tools/bin/../lib/gcc/arm-none-eabi/12.3.1/../../../../arm-none-eabi/lib/thumb/v7e-m+fp/hard\libc_nano.a(libc_a-exit.o)
                              C:/ST/STM32CubeIDE_1.15.1/STM32CubeIDE/plugins/com.st.stm32cube.ide.mcu.externaltools.gnu-tools-for-stm32.12.3.rel1.win32_1.1.0.202410251130/tools/bin/../lib/gcc/arm-none-eabi/12.3.1/../../../../arm-none-eabi/lib/thumb/v7e-m+fp/hard/crt0.o (exit)
C:/ST/STM32CubeIDE_1.15.1/STM32CubeIDE/plugins/com.st.stm32cube.ide.mcu.externaltools.gnu-tools-for-stm32.12.3.rel1.win32_1.1.0.202410251130/tools/bin/../lib/gcc/arm-none-eabi/12.3.1/../../../../arm-none-eabi/lib/thumb/v7e-m+fp/hard\libc_nano.a(libc_a-findfp.o)
                              C:/ST/STM32CubeIDE_1.15.1/STM32CubeIDE/plugins/com.st.stm32cube.ide.mcu.externaltools.gnu-tools-for-stm32.12.3.rel1.win32_1.1.0.202410251130/tools/bin/../lib/gcc/arm-none-eabi/12.3.1/../../../../arm-none-eabi/lib/thumb/v7e-m+fp/hard\libc_nano.a(libc_a-exit.o) (__stdio_exit_handler)
C:/ST/STM32CubeIDE_1.15.1/STM32CubeIDE/plugins/com.st.stm32cube.ide.mcu.externaltools.gnu-tools-for-stm32.12.3.rel1.win32_1.1.0.202410251130/tools/bin/../lib/gcc/arm-none-eabi/12.3.1/../../../../arm-none-eabi/lib/thumb/v7e-m+fp/hard\libc_nano.a(libc_a-fwalk.o)
                              C:/ST/STM32CubeIDE_1.15.1/STM32CubeIDE/plugins/com.st.stm32cube.ide.mcu.externaltools.gnu-tools-for-stm32.12.3.rel1.win32_1.1.0.202410251130/tools/bin/../lib/gcc/arm-none-eabi/12.3.1/../../../../arm-none-eabi/lib/thumb/v7e-m+fp/hard\libc_nano.a(libc_a-findfp.o) (_fwalk_sglue)
C:/ST/STM32CubeIDE_1.15.1/STM32CubeIDE/plugins/com.st.stm32cube.ide.mcu.externaltools.gnu-tools-for-stm32.12.3.rel1.win32_1.1.0.202410251130/tools/bin/../lib/gcc/arm-none-eabi/12.3.1/../../../../arm-none-eabi/lib/thumb/v7e-m+fp/hard\libc_nano.a(libc_a-puts.o)
                              ./Core/Src/main.o (puts)
C:/ST/STM32CubeIDE_1.15.1/STM32CubeIDE/plugins/com.st.stm32cube.ide.mcu.externaltools.gnu-tools-for-stm32.12.3.rel1.win32_1.1.0.202410251130/tools/bin/../lib/gcc/arm-none-eabi/12.3.1/../../../../arm-none-eabi/lib/thumb/v7e-m+fp/hard\libc_nano.a(libc_a-stdio.o)
                              C:/ST/STM32CubeIDE_1.15.1/STM32CubeIDE/plugins/com.st.stm32cube.ide.mcu.externaltools.gnu-tools-for-stm32.12.3.rel1.win32_1.1.0.202410251130/tools/bin/../lib/gcc/arm-none-eabi/12.3.1/../../../../arm-none-eabi/lib/thumb/v7e-m+fp/hard\libc_nano.a(libc_a-findfp.o) (__sread)
C:/ST/STM32CubeIDE_1.15.1/STM32CubeIDE/plugins/com.st.stm32cube.ide.mcu.externaltools.gnu-tools-for-stm32.12.3.rel1.win32_1.1.0.202410251130/tools/bin/../lib/gcc/arm-none-eabi/12.3.1/../../../../arm-none-eabi/lib/thumb/v7e-m+fp/hard\libc_nano.a(libc_a-wbuf.o)
                              C:/ST/STM32CubeIDE_1.15.1/STM32CubeIDE/plugins/com.st.stm32cube.ide.mcu.externaltools.gnu-tools-for-stm32.12.3.rel1.win32_1.1.0.202410251130/tools/bin/../lib/gcc/arm-none-eabi/12.3.1/../../../../arm-none-eabi/lib/thumb/v7e-m+fp/hard\libc_nano.a(libc_a-puts.o) (__swbuf_r)
C:/ST/STM32CubeIDE_1.15.1/STM32CubeIDE/plugins/com.st.stm32cube.ide.mcu.externaltools.gnu-tools-for-stm32.12.3.rel1.win32_1.1.0.202410251130/tools/bin/../lib/gcc/arm-none-eabi/12.3.1/../../../../arm-none-eabi/lib/thumb/v7e-m+fp/hard\libc_nano.a(libc_a-wsetup.o)
                              C:/ST/STM32CubeIDE_1.15.1/STM32CubeIDE/plugins/com.st.stm32cube.ide.mcu.externaltools.gnu-tools-for-stm32.12.3.rel1.win32_1.1.0.202410251130/tools/bin/../lib/gcc/arm-none-eabi/12.3.1/../../../../arm-none-eabi/lib/thumb/v7e-m+fp/hard\libc_nano.a(libc_a-puts.o) (__swsetup_r)
C:/ST/STM32CubeIDE_1.15.1/STM32CubeIDE/plugins/com.st.stm32cube.ide.mcu.externaltools.gnu-tools-for-stm32.12.3.rel1.win32_1.1.0.202410251130/tools/bin/../lib/gcc/arm-none-eabi/12.3.1/../../../../arm-none-eabi/lib/thumb/v7e-m+fp/hard\libc_nano.a(libc_a-memset.o)
                              C:/ST/STM32CubeIDE_1.15.1/STM32CubeIDE/plugins/com.st.stm32cube.ide.mcu.externaltools.gnu-tools-for-stm32.12.3.rel1.win32_1.1.0.202410251130/tools/bin/../lib/gcc/arm-none-eabi/12.3.1/../../../../arm-none-eabi/lib/thumb/v7e-m+fp/hard/crt0.o (memset)
C:/ST/STM32CubeIDE_1.15.1/STM32CubeIDE/plugins/com.st.stm32cube.ide.mcu.externaltools.gnu-tools-for-stm32.12.3.rel1.win32_1.1.0.202410251130/tools/bin/../lib/gcc/arm-none-eabi/12.3.1/../../../../arm-none-eabi/lib/thumb/v7e-m+fp/hard\libc_nano.a(libc_a-closer.o)
                              C:/ST/STM32CubeIDE_1.15.1/STM32CubeIDE/plugins/com.st.stm32cube.ide.mcu.externaltools.gnu-tools-for-stm32.12.3.rel1.win32_1.1.0.202410251130/tools/bin/../lib/gcc/arm-none-eabi/12.3.1/../../../../arm-none-eabi/lib/thumb/v7e-m+fp/hard\libc_nano.a(libc_a-stdio.o) (_close_r)
[...]
Memory Configuration

Name             Origin             Length             Attributes
CCMRAM           0x10000000         0x00010000         xrw
RAM              0x20000000         0x00020000         xrw
FLASH            0x08000000         0x00080000         xr
*default*        0x00000000         0xffffffff

Linker script and memory map

LOAD C:/ST/STM32CubeIDE_1.15.1/STM32CubeIDE/plugins/com.st.stm32cube.ide.mcu.externaltools.gnu-tools-for-stm32.12.3.rel1.win32_1.1.0.202410251130/tools/bin/../lib/gcc/arm-none-eabi/12.3.1/thumb/v7e-m+fp/hard/crti.o
LOAD C:/ST/STM32CubeIDE_1.15.1/STM32CubeIDE/plugins/com.st.stm32cube.ide.mcu.externaltools.gnu-tools-for-stm32.12.3.rel1.win32_1.1.0.202410251130/tools/bin/../lib/gcc/arm-none-eabi/12.3.1/thumb/v7e-m+fp/hard/crtbegin.o
LOAD C:/ST/STM32CubeIDE_1.15.1/STM32CubeIDE/plugins/com.st.stm32cube.ide.mcu.externaltools.gnu-tools-for-stm32.12.3.rel1.win32_1.1.0.202410251130/tools/bin/../lib/gcc/arm-none-eabi/12.3.1/../../../../arm-none-eabi/lib/thumb/v7e-m+fp/hard/crt0.o
LOAD ./Core/Src/ILI9341.o
LOAD ./Core/Src/ILI9341_GFX.o
LOAD ./Core/Src/Utility.o
LOAD ./Core/Src/main.o
LOAD ./Core/Src/stm32f4xx_hal_msp.o
LOAD ./Core/Src/stm32f4xx_it.o
LOAD ./Core/Src/syscalls.o
LOAD ./Core/Src/sysmem.o
LOAD ./Core/Src/system_stm32f4xx.o
LOAD ./Core/Startup/startup_stm32f407vetx.o
LOAD ./Drivers/STM32F4xx_HAL_Driver/Src/stm32f4xx_hal.o
LOAD ./Drivers/STM32F4xx_HAL_Driver/Src/stm32f4xx_hal_cortex.o
LOAD ./Drivers/STM32F4xx_HAL_Driver/Src/stm32f4xx_hal_dma.o
LOAD ./Drivers/STM32F4xx_HAL_Driver/Src/stm32f4xx_hal_dma_ex.o
LOAD ./Drivers/STM32F4xx_HAL_Driver/Src/stm32f4xx_hal_exti.o
LOAD ./Drivers/STM32F4xx_HAL_Driver/Src/stm32f4xx_hal_flash.o
LOAD ./Drivers/STM32F4xx_HAL_Driver/Src/stm32f4xx_hal_flash_ex.o
LOAD ./Drivers/STM32F4xx_HAL_Driver/Src/stm32f4xx_hal_flash_ramfunc.o
LOAD ./Drivers/STM32F4xx_HAL_Driver/Src/stm32f4xx_hal_gpio.o
LOAD ./Drivers/STM32F4xx_HAL_Driver/Src/stm32f4xx_hal_pwr.o
LOAD ./Drivers/STM32F4xx_HAL_Driver/Src/stm32f4xx_hal_pwr_ex.o
LOAD ./Drivers/STM32F4xx_HAL_Driver/Src/stm32f4xx_hal_rcc.o
LOAD ./Drivers/STM32F4xx_HAL_Driver/Src/stm32f4xx_hal_rcc_ex.o
LOAD ./Drivers/STM32F4xx_HAL_Driver/Src/stm32f4xx_hal_rng.o
LOAD ./Drivers/STM32F4xx_HAL_Driver/Src/stm32f4xx_hal_spi.o
START GROUP
LOAD C:/ST/STM32CubeIDE_1.15.1/STM32CubeIDE/plugins/com.st.stm32cube.ide.mcu.externaltools.gnu-tools-for-stm32.12.3.rel1.win32_1.1.0.202410251130/tools/bin/../lib/gcc/arm-none-eabi/12.3.1/../../../../arm-none-eabi/lib/thumb/v7e-m+fp/hard\libc_nano.a
LOAD C:/ST/STM32CubeIDE_1.15.1/STM32CubeIDE/plugins/com.st.stm32cube.ide.mcu.externaltools.gnu-tools-for-stm32.12.3.rel1.win32_1.1.0.202410251130/tools/bin/../lib/gcc/arm-none-eabi/12.3.1/../../../../arm-none-eabi/lib/thumb/v7e-m+fp/hard\libm.a
END GROUP
START GROUP
LOAD C:/ST/STM32CubeIDE_1.15.1/STM32CubeIDE/plugins/com.st.stm32cube.ide.mcu.externaltools.gnu-tools-for-stm32.12.3.rel1.win32_1.1.0.202410251130/tools/bin/../lib/gcc/arm-none-eabi/12.3.1/thumb/v7e-m+fp/hard\libgcc.a
LOAD C:/ST/STM32CubeIDE_1.15.1/STM32CubeIDE/plugins/com.st.stm32cube.ide.mcu.externaltools.gnu-tools-for-stm32.12.3.rel1.win32_1.1.0.202410251130/tools/bin/../lib/gcc/arm-none-eabi/12.3.1/../../../../arm-none-eabi/lib/thumb/v7e-m+fp/hard\libc_nano.a
END GROUP
START GROUP
LOAD C:/ST/STM32CubeIDE_1.15.1/STM32CubeIDE/plugins/com.st.stm32cube.ide.mcu.externaltools.gnu-tools-for-stm32.12.3.rel1.win32_1.1.0.202410251130/tools/bin/../lib/gcc/arm-none-eabi/12.3.1/thumb/v7e-m+fp/hard\libgcc.a
LOAD C:/ST/STM32CubeIDE_1.15.1/STM32CubeIDE/plugins/com.st.stm32cube.ide.mcu.externaltools.gnu-tools-for-stm32.12.3.rel1.win32_1.1.0.202410251130/tools/bin/../lib/gcc/arm-none-eabi/12.3.1/../../../../arm-none-eabi/lib/thumb/v7e-m+fp/hard\libc_nano.a
LOAD C:/ST/STM32CubeIDE_1.15.1/STM32CubeIDE/plugins/com.st.stm32cube.ide.mcu.externaltools.gnu-tools-for-stm32.12.3.rel1.win32_1.1.0.202410251130/tools/bin/../lib/gcc/arm-none-eabi/12.3.1/../../../../arm-none-eabi/lib/thumb/v7e-m+fp/hard\libnosys.a
END GROUP
START GROUP
LOAD C:/ST/STM32CubeIDE_1.15.1/STM32CubeIDE/plugins/com.st.stm32cube.ide.mcu.externaltools.gnu-tools-for-stm32.12.3.rel1.win32_1.1.0.202410251130/tools/bin/../lib/gcc/arm-none-eabi/12.3.1/thumb/v7e-m+fp/hard\libgcc.a
LOAD C:/ST/STM32CubeIDE_1.15.1/STM32CubeIDE/plugins/com.st.stm32cube.ide.mcu.externaltools.gnu-tools-for-stm32.12.3.rel1.win32_1.1.0.202410251130/tools/bin/../lib/gcc/arm-none-eabi/12.3.1/../../../../arm-none-eabi/lib/thumb/v7e-m+fp/hard\libc_nano.a
LOAD C:/ST/STM32CubeIDE_1.15.1/STM32CubeIDE/plugins/com.st.stm32cube.ide.mcu.externaltools.gnu-tools-for-stm32.12.3.rel1.win32_1.1.0.202410251130/tools/bin/../lib/gcc/arm-none-eabi/12.3.1/../../../../arm-none-eabi/lib/thumb/v7e-m+fp/hard\libnosys.a
END GROUP
LOAD C:/ST/STM32CubeIDE_1.15.1/STM32CubeIDE/plugins/com.st.stm32cube.ide.mcu.externaltools.gnu-tools-for-stm32.12.3.rel1.win32_1.1.0.202410251130/tools/bin/../lib/gcc/arm-none-eabi/12.3.1/thumb/v7e-m+fp/hard/crtend.o
LOAD C:/ST/STM32CubeIDE_1.15.1/STM32CubeIDE/plugins/com.st.stm32cube.ide.mcu.externaltools.gnu-tools-for-stm32.12.3.rel1.win32_1.1.0.202410251130/tools/bin/../lib/gcc/arm-none-eabi/12.3.1/thumb/v7e-m+fp/hard/crtn.o
                0x20020000                        _estack = (ORIGIN (RAM) + LENGTH (RAM))
                0x00000200                        _Min_Heap_Size = 0x200
                0x00000400                        _Min_Stack_Size = 0x400

.isr_vector     0x08000000      0x188
                0x08000000                        . = ALIGN (0x4)
 *(.isr_vector)
 .isr_vector    0x08000000      0x188 ./Core/Startup/startup_stm32f407vetx.o
                0x08000000                g_pfnVectors
                0x08000188                        . = ALIGN (0x4)

.text           0x08000188     0x355c
                0x08000188                        . = ALIGN (0x4)
 *(.text)
 .text          0x08000188       0x40 C:/ST/STM32CubeIDE_1.15.1/STM32CubeIDE/plugins/com.st.stm32cube.ide.mcu.externaltools.gnu-tools-for-stm32.12.3.rel1.win32_1.1.0.202410251130/tools/bin/../lib/gcc/arm-none-eabi/12.3.1/thumb/v7e-m+fp/hard/crtbegin.o
 .text          0x080001c8       0x30 C:/ST/STM32CubeIDE_1.15.1/STM32CubeIDE/plugins/com.st.stm32cube.ide.mcu.externaltools.gnu-tools-for-stm32.12.3.rel1.win32_1.1.0.202410251130/tools/bin/../lib/gcc/arm-none-eabi/12.3.1/thumb/v7e-m+fp/hard\libgcc.a(_aeabi_uldivmod.o)
                0x080001c8                __aeabi_uldivmod
 .text          0x080001f8      0x2bc C:/ST/STM32CubeIDE_1.15.1/STM32CubeIDE/plugins/com.st.stm32cube.ide.mcu.externaltools.gnu-tools-for-stm32.12.3.rel1.win32_1.1.0.202410251130/tools/bin/../lib/gcc/arm-none-eabi/12.3.1/thumb/v7e-m+fp/hard\libgcc.a(_udivmoddi4.o)
                0x080001f8                __udivmoddi4
 .text          0x080004b4        0x4 C:/ST/STM32CubeIDE_1.15.1/STM32CubeIDE/plugins/com.st.stm32cube.ide.mcu.externaltools.gnu-tools-for-stm32.12.3.rel1.win32_1.1.0.202410251130/tools/bin/../lib/gcc/arm-none-eabi/12.3.1/thumb/v7e-m+fp/hard\libgcc.a(_dvmd_tls.o)
                0x080004b4                __aeabi_idiv0
                0x080004b4                __aeabi_ldiv0
 *(.text*)
 .text.ILI9341_SPI_init
                0x080004b8       0x18 ./Core/Src/ILI9341.o
                0x080004b8                ILI9341_SPI_init
 .text.ILI9341_SPI_SEND
                0x080004d0       0x24 ./Core/Src/ILI9341.o
                0x080004d0                ILI9341_SPI_SEND
 .text.ILI9341_Write_Command
                0x080004f4       0x44 ./Core/Src/ILI9341.o
                0x080004f4                ILI9341_Write_Command
 .text.ILI9341_Write_Data
                0x08000538       0x44 ./Core/Src/ILI9341.o
                0x08000538                ILI9341_Write_Data
 .text.ILI9341_Set_Address
                0x0800057c       0x98 ./Core/Src/ILI9341.o
                0x0800057c                ILI9341_Set_Address
 .text.ILI9341_Reset
                0x08000614       0x3c ./Core/Src/ILI9341.o
                0x08000614                ILI9341_Reset
 .text.ILI9341_Set_Rotation
                0x08000650       0xa4 ./Core/Src/ILI9341.o
                0x08000650                ILI9341_Set_Rotation
 .text.ILI9341_Enable
                0x080006f4       0x18 ./Core/Src/ILI9341.o
                0x080006f4                ILI9341_Enable
 .text.ILI9341_Init
                0x0800070c      0x21a ./Core/Src/ILI9341.o
                0x0800070c                ILI9341_Init
 *fill*         0x08000926        0x2 
 .text.ILI9341_Draw_Colour_Burst
                0x08000928      0x13c ./Core/Src/ILI9341.o
                0x08000928                ILI9341_Draw_Colour_Burst
 .text.ILI9341_Fill_Screen
                0x08000a64       0x4c ./Core/Src/ILI9341.o
                0x08000a64                ILI9341_Fill_Screen
 .text.ILI9341_Draw_Pixel
                0x08000ab0      0x1b4 ./Core/Src/ILI9341.o
                0x08000ab0                ILI9341_Draw_Pixel
 .text.ILI9341_Draw_Rectangle
                0x08000c64       0xb8 ./Core/Src/ILI9341.o
                0x08000c64                ILI9341_Draw_Rectangle
 .text.ILI9341_Draw_Char
                0x08000d1c      0x134 ./Core/Src/ILI9341_GFX.o
                0x08000d1c                ILI9341_Draw_Char
 .text.ILI9341_Draw_Text
                0x08000e50       0x5e ./Core/Src/ILI9341_GFX.o
                0x08000e50                ILI9341_Draw_Text
 *fill*         0x08000eae        0x2 
 .text.ILI9341_Draw_Image
                0x08000eb0      0x360 ./Core/Src/ILI9341_GFX.o
                0x08000eb0                ILI9341_Draw_Image
 .text.TIM2_Setup
                0x08001210       0x40 ./Core/Src/Utility.o
                0x08001210                TIM2_Setup
 .text.Delay_us
                0x08001250       0x2c ./Core/Src/Utility.o
                0x08001250                Delay_us
 .text.USART1_Init
                0x0800127c       0x60 ./Core/Src/Utility.o
                0x0800127c                USART1_Init
 .text.__io_putchar
                0x080012dc       0x30 ./Core/Src/Utility.o
                0x080012dc                __io_putchar
 .text.main     0x0800130c       0xbc ./Core/Src/main.o
                0x0800130c                main
 .text.SystemClock_Config
                0x080013c8       0xd4 ./Core/Src/main.o
                0x080013c8                SystemClock_Config
 .text.MX_RNG_Init
                0x0800149c       0x28 ./Core/Src/main.o
 .text.MX_SPI2_Init
                0x080014c4       0x6c ./Core/Src/main.o
 .text.MX_GPIO_Init
                0x08001530       0xa4 ./Core/Src/main.o
 .text.Error_Handler
                0x080015d4        0xc ./Core/Src/main.o
                0x080015d4                Error_Handler
 .text.HAL_MspInit
                0x080015e0       0x50 ./Core/Src/stm32f4xx_hal_msp.o
                0x080015e0                HAL_MspInit
 .text.HAL_RNG_MspInit
                0x08001630       0x44 ./Core/Src/stm32f4xx_hal_msp.o
                0x08001630                HAL_RNG_MspInit
 .text.HAL_SPI_MspInit
                0x08001674       0x90 ./Core/Src/stm32f4xx_hal_msp.o
                0x08001674                HAL_SPI_MspInit
 .text.NMI_Handler
                0x08001704        0x8 ./Core/Src/stm32f4xx_it.o
                0x08001704                NMI_Handler
 .text.HardFault_Handler
                0x0800170c        0x8 ./Core/Src/stm32f4xx_it.o
                0x0800170c                HardFault_Handler
 .text.MemManage_Handler
                0x08001714        0x8 ./Core/Src/stm32f4xx_it.o
                0x08001714                MemManage_Handler
 .text.BusFault_Handler
                0x0800171c        0x8 ./Core/Src/stm32f4xx_it.o
                0x0800171c                BusFault_Handler
 .text.UsageFault_Handler
                0x08001724        0x8 ./Core/Src/stm32f4xx_it.o
                0x08001724                UsageFault_Handler
 .text.SVC_Handler
                0x0800172c        0xe ./Core/Src/stm32f4xx_it.o
                0x0800172c                SVC_Handler
 .text.DebugMon_Handler
                0x0800173a        0xe ./Core/Src/stm32f4xx_it.o
                0x0800173a                DebugMon_Handler
 .text.PendSV_Handler
                0x08001748        0xe ./Core/Src/stm32f4xx_it.o
                0x08001748                PendSV_Handler
 .text.SysTick_Handler
                0x08001756        0xc ./Core/Src/stm32f4xx_it.o
                0x08001756                SysTick_Handler
 .text._read    0x08001762       0x3a ./Core/Src/syscalls.o
                0x08001762                _read
 .text._write   0x0800179c       0x38 ./Core/Src/syscalls.o
                0x0800179c                _write
 .text._close   0x080017d4       0x18 ./Core/Src/syscalls.o
                0x080017d4                _close
 .text._fstat   0x080017ec       0x20 ./Core/Src/syscalls.o
                0x080017ec                _fstat
 .text._isatty  0x0800180c       0x16 ./Core/Src/syscalls.o
                0x0800180c                _isatty
 .text._lseek   0x08001822       0x1a ./Core/Src/syscalls.o
                0x08001822                _lseek
 .text._sbrk    0x0800183c       0x6c ./Core/Src/sysmem.o
                0x0800183c                _sbrk
 .text.SystemInit
                0x080018a8       0x24 ./Core/Src/system_stm32f4xx.o
                0x080018a8                SystemInit
 .text.Reset_Handler
                0x080018cc       0x50 ./Core/Startup/startup_stm32f407vetx.o
                0x080018cc                Reset_Handler
 .text.Default_Handler
                0x0800191c        0x2 ./Core/Startup/startup_stm32f407vetx.o
                0x0800191c                RTC_Alarm_IRQHandler
                0x0800191c                HASH_RNG_IRQHandler
                0x0800191c                EXTI2_IRQHandler
                0x0800191c                TIM8_CC_IRQHandler
                0x0800191c                TIM1_CC_IRQHandler
                0x0800191c                DMA2_Stream5_IRQHandler
                0x0800191c                DMA1_Stream5_IRQHandler
                0x0800191c                PVD_IRQHandler
                0x0800191c                SDIO_IRQHandler
                0x0800191c                TAMP_STAMP_IRQHandler
                0x0800191c                CAN2_RX1_IRQHandler
                0x0800191c                EXTI3_IRQHandler
                0x0800191c                TIM8_TRG_COM_TIM14_IRQHandler
                0x0800191c                TIM1_UP_TIM10_IRQHandler
                0x0800191c                TIM8_UP_TIM13_IRQHandler
                0x0800191c                I2C3_ER_IRQHandler
                0x0800191c                EXTI0_IRQHandler
                0x0800191c                I2C2_EV_IRQHandler
                0x0800191c                DMA1_Stream2_IRQHandler
                0x0800191c                CAN1_RX0_IRQHandler
                0x0800191c                FPU_IRQHandler
                0x0800191c                OTG_HS_WKUP_IRQHandler
                0x0800191c                CAN2_SCE_IRQHandler
                0x0800191c                DMA2_Stream2_IRQHandler
                0x0800191c                SPI1_IRQHandler
                0x0800191c                TIM6_DAC_IRQHandler
                0x0800191c                TIM1_BRK_TIM9_IRQHandler
                0x0800191c                DCMI_IRQHandler
                0x0800191c                CAN2_RX0_IRQHandler
                0x0800191c                DMA2_Stream3_IRQHandler
                0x0800191c                USART6_IRQHandler
                0x0800191c                USART3_IRQHandler
                0x0800191c                CAN1_RX1_IRQHandler
                0x0800191c                UART5_IRQHandler
                0x0800191c                DMA2_Stream0_IRQHandler
                0x0800191c                TIM4_IRQHandler
                0x0800191c                I2C1_EV_IRQHandler
                0x0800191c                DMA1_Stream6_IRQHandler
                0x0800191c                DMA1_Stream1_IRQHandler
                0x0800191c                UART4_IRQHandler
                0x0800191c                TIM3_IRQHandler
                0x0800191c                RCC_IRQHandler
                0x0800191c                TIM8_BRK_TIM12_IRQHandler
                0x0800191c                Default_Handler
                0x0800191c                EXTI15_10_IRQHandler
                0x0800191c                ADC_IRQHandler
                0x0800191c                DMA1_Stream7_IRQHandler
                0x0800191c                TIM7_IRQHandler
                0x0800191c                CAN2_TX_IRQHandler
                0x0800191c                TIM5_IRQHandler
                0x0800191c                DMA2_Stream7_IRQHandler
                0x0800191c                I2C3_EV_IRQHandler
                0x0800191c                EXTI9_5_IRQHandler
                0x0800191c                RTC_WKUP_IRQHandler
                0x0800191c                ETH_WKUP_IRQHandler
                0x0800191c                SPI2_IRQHandler
                0x0800191c                OTG_HS_EP1_IN_IRQHandler
                0x0800191c                DMA1_Stream0_IRQHandler
                0x0800191c                CAN1_TX_IRQHandler
                0x0800191c                EXTI4_IRQHandler
                0x0800191c                FSMC_IRQHandler
                0x0800191c                ETH_IRQHandler
                0x0800191c                OTG_HS_EP1_OUT_IRQHandler
                0x0800191c                WWDG_IRQHandler
                0x0800191c                TIM2_IRQHandler
                0x0800191c                OTG_FS_WKUP_IRQHandler
                0x0800191c                TIM1_TRG_COM_TIM11_IRQHandler
                0x0800191c                OTG_HS_IRQHandler
                0x0800191c                EXTI1_IRQHandler
                0x0800191c                USART2_IRQHandler
                0x0800191c                I2C2_ER_IRQHandler
                0x0800191c                DMA2_Stream1_IRQHandler
                0x0800191c                CAN1_SCE_IRQHandler
                0x0800191c                FLASH_IRQHandler
                0x0800191c                DMA2_Stream4_IRQHandler
                0x0800191c                USART1_IRQHandler
                0x0800191c                OTG_FS_IRQHandler
                0x0800191c                SPI3_IRQHandler
                0x0800191c                DMA1_Stream4_IRQHandler
                0x0800191c                I2C1_ER_IRQHandler
                0x0800191c                DMA2_Stream6_IRQHandler
                0x0800191c                DMA1_Stream3_IRQHandler
 *fill*         0x0800191e        0x2 
 .text.HAL_Init
                0x08001920       0x44 ./Drivers/STM32F4xx_HAL_Driver/Src/stm32f4xx_hal.o
                0x08001920                HAL_Init
 .text.HAL_InitTick
                0x08001964       0x60 ./Drivers/STM32F4xx_HAL_Driver/Src/stm32f4xx_hal.o
                0x08001964                HAL_InitTick
 .text.HAL_IncTick
                0x080019c4       0x28 ./Drivers/STM32F4xx_HAL_Driver/Src/stm32f4xx_hal.o
                0x080019c4                HAL_IncTick
 .text.HAL_GetTick
                0x080019ec       0x18 ./Drivers/STM32F4xx_HAL_Driver/Src/stm32f4xx_hal.o
                0x080019ec                HAL_GetTick
 .text.HAL_Delay
                0x08001a04       0x48 ./Drivers/STM32F4xx_HAL_Driver/Src/stm32f4xx_hal.o
                0x08001a04                HAL_Delay
 .text.__NVIC_SetPriorityGrouping
                0x08001a4c       0x48 ./Drivers/STM32F4xx_HAL_Driver/Src/stm32f4xx_hal_cortex.o
 .text.__NVIC_GetPriorityGrouping
                0x08001a94       0x1c ./Drivers/STM32F4xx_HAL_Driver/Src/stm32f4xx_hal_cortex.o
 .text.__NVIC_SetPriority
                0x08001ab0       0x54 ./Drivers/STM32F4xx_HAL_Driver/Src/stm32f4xx_hal_cortex.o
 .text.NVIC_EncodePriority
                0x08001b04       0x66 ./Drivers/STM32F4xx_HAL_Driver/Src/stm32f4xx_hal_cortex.o
 *fill*         0x08001b6a        0x2 
 .text.SysTick_Config
                0x08001b6c       0x44 ./Drivers/STM32F4xx_HAL_Driver/Src/stm32f4xx_hal_cortex.o
 .text.HAL_NVIC_SetPriorityGrouping
                0x08001bb0       0x16 ./Drivers/STM32F4xx_HAL_Driver/Src/stm32f4xx_hal_cortex.o
                0x08001bb0                HAL_NVIC_SetPriorityGrouping
 .text.HAL_NVIC_SetPriority
                0x08001bc6       0x38 ./Drivers/STM32F4xx_HAL_Driver/Src/stm32f4xx_hal_cortex.o
                0x08001bc6                HAL_NVIC_SetPriority
 .text.HAL_SYSTICK_Config
                0x08001bfe       0x18 ./Drivers/STM32F4xx_HAL_Driver/Src/stm32f4xx_hal_cortex.o
                0x08001bfe                HAL_SYSTICK_Config
 *fill*         0x08001c16        0x2 
 .text.HAL_GPIO_Init
                0x08001c18      0x338 ./Drivers/STM32F4xx_HAL_Driver/Src/stm32f4xx_hal_gpio.o
                0x08001c18                HAL_GPIO_Init
 .text.HAL_GPIO_WritePin
                0x08001f50       0x32 ./Drivers/STM32F4xx_HAL_Driver/Src/stm32f4xx_hal_gpio.o
                0x08001f50                HAL_GPIO_WritePin
 *fill*         0x08001f82        0x2 
 .text.HAL_RCC_OscConfig
                0x08001f84      0x4f0 ./Drivers/STM32F4xx_HAL_Driver/Src/stm32f4xx_hal_rcc.o
                0x08001f84                HAL_RCC_OscConfig
 .text.HAL_RCC_ClockConfig
                0x08002474      0x1cc ./Drivers/STM32F4xx_HAL_Driver/Src/stm32f4xx_hal_rcc.o
                0x08002474                HAL_RCC_ClockConfig
 .text.HAL_RCC_GetSysClockFreq
                0x08002640      0x18c ./Drivers/STM32F4xx_HAL_Driver/Src/stm32f4xx_hal_rcc.o
                0x08002640                HAL_RCC_GetSysClockFreq
 .text.HAL_RNG_Init
                0x080027cc       0x54 ./Drivers/STM32F4xx_HAL_Driver/Src/stm32f4xx_hal_rng.o
                0x080027cc                HAL_RNG_Init
 .text.HAL_SPI_Init
                0x08002820      0x112 ./Drivers/STM32F4xx_HAL_Driver/Src/stm32f4xx_hal_spi.o
                0x08002820                HAL_SPI_Init
 .text.HAL_SPI_Transmit
                0x08002932      0x288 ./Drivers/STM32F4xx_HAL_Driver/Src/stm32f4xx_hal_spi.o
                0x08002932                HAL_SPI_Transmit
 *fill*         0x08002bba        0x2 
 .text.SPI_WaitFlagStateUntilTimeout
                0x08002bbc      0x110 ./Drivers/STM32F4xx_HAL_Driver/Src/stm32f4xx_hal_spi.o
 .text.SPI_EndRxTxTransaction
                0x08002ccc       0xa8 ./Drivers/STM32F4xx_HAL_Driver/Src/stm32f4xx_hal_spi.o
 .text.std      0x08002d74       0x6c C:/ST/STM32CubeIDE_1.15.1/STM32CubeIDE/plugins/com.st.stm32cube.ide.mcu.externaltools.gnu-tools-for-stm32.12.3.rel1.win32_1.1.0.202410251130/tools/bin/../lib/gcc/arm-none-eabi/12.3.1/../../../../arm-none-eabi/lib/thumb/v7e-m+fp/hard\libc_nano.a(libc_a-findfp.o)
 .text.stdio_exit_handler
                0x08002de0       0x18 C:/ST/STM32CubeIDE_1.15.1/STM32CubeIDE/plugins/com.st.stm32cube.ide.mcu.externaltools.gnu-tools-for-stm32.12.3.rel1.win32_1.1.0.202410251130/tools/bin/../lib/gcc/arm-none-eabi/12.3.1/../../../../arm-none-eabi/lib/thumb/v7e-m+fp/hard\libc_nano.a(libc_a-findfp.o)
 .text.cleanup_stdio
                0x08002df8       0x40 C:/ST/STM32CubeIDE_1.15.1/STM32CubeIDE/plugins/com.st.stm32cube.ide.mcu.externaltools.gnu-tools-for-stm32.12.3.rel1.win32_1.1.0.202410251130/tools/bin/../lib/gcc/arm-none-eabi/12.3.1/../../../../arm-none-eabi/lib/thumb/v7e-m+fp/hard\libc_nano.a(libc_a-findfp.o)
 .text.global_stdio_init.part.0
                0x08002e38       0x3c C:/ST/STM32CubeIDE_1.15.1/STM32CubeIDE/plugins/com.st.stm32cube.ide.mcu.externaltools.gnu-tools-for-stm32.12.3.rel1.win32_1.1.0.202410251130/tools/bin/../lib/gcc/arm-none-eabi/12.3.1/../../../../arm-none-eabi/lib/thumb/v7e-m+fp/hard\libc_nano.a(libc_a-findfp.o)
 .text.__sfp_lock_acquire
                0x08002e74        0xc C:/ST/STM32CubeIDE_1.15.1/STM32CubeIDE/plugins/com.st.stm32cube.ide.mcu.externaltools.gnu-tools-for-stm32.12.3.rel1.win32_1.1.0.202410251130/tools/bin/../lib/gcc/arm-none-eabi/12.3.1/../../../../arm-none-eabi/lib/thumb/v7e-m+fp/hard\libc_nano.a(libc_a-findfp.o)
                0x08002e74                __sfp_lock_acquire
 .text.__sfp_lock_release
                0x08002e80        0xc C:/ST/STM32CubeIDE_1.15.1/STM32CubeIDE/plugins/com.st.stm32cube.ide.mcu.externaltools.gnu-tools-for-stm32.12.3.rel1.win32_1.1.0.202410251130/tools/bin/../lib/gcc/arm-none-eabi/12.3.1/../../../../arm-none-eabi/lib/thumb/v7e-m+fp/hard\libc_nano.a(libc_a-findfp.o)
                0x08002e80                __sfp_lock_release
 .text.__sinit  0x08002e8c       0x30 C:/ST/STM32CubeIDE_1.15.1/STM32CubeIDE/plugins/com.st.stm32cube.ide.mcu.externaltools.gnu-tools-for-stm32.12.3.rel1.win32_1.1.0.202410251130/tools/bin/../lib/gcc/arm-none-eabi/12.3.1/../../../../arm-none-eabi/lib/thumb/v7e-m+fp/hard\libc_nano.a(libc_a-findfp.o)
                0x08002e8c                __sinit
 .text._fwalk_sglue
                0x08002ebc       0x3c C:/ST/STM32CubeIDE_1.15.1/STM32CubeIDE/plugins/com.st.stm32cube.ide.mcu.externaltools.gnu-tools-for-stm32.12.3.rel1.win32_1.1.0.202410251130/tools/bin/../lib/gcc/arm-none-eabi/12.3.1/../../../../arm-none-eabi/lib/thumb/v7e-m+fp/hard\libc_nano.a(libc_a-fwalk.o)
                0x08002ebc                _fwalk_sglue
 .text._puts_r  0x08002ef8       0xaa C:/ST/STM32CubeIDE_1.15.1/STM32CubeIDE/plugins/com.st.stm32cube.ide.mcu.externaltools.gnu-tools-for-stm32.12.3.rel1.win32_1.1.0.202410251130/tools/bin/../lib/gcc/arm-none-eabi/12.3.1/../../../../arm-none-eabi/lib/thumb/v7e-m+fp/hard\libc_nano.a(libc_a-puts.o)
                0x08002ef8                _puts_r
 *fill*         0x08002fa2        0x2 
 .text.puts     0x08002fa4       0x10 C:/ST/STM32CubeIDE_1.15.1/STM32CubeIDE/plugins/com.st.stm32cube.ide.mcu.externaltools.gnu-tools-for-stm32.12.3.rel1.win32_1.1.0.202410251130/tools/bin/../lib/gcc/arm-none-eabi/12.3.1/../../../../arm-none-eabi/lib/thumb/v7e-m+fp/hard\libc_nano.a(libc_a-puts.o)
                0x08002fa4                puts
 .text.__sread  0x08002fb4       0x22 C:/ST/STM32CubeIDE_1.15.1/STM32CubeIDE/plugins/com.st.stm32cube.ide.mcu.externaltools.gnu-tools-for-stm32.12.3.rel1.win32_1.1.0.202410251130/tools/bin/../lib/gcc/arm-none-eabi/12.3.1/../../../../arm-none-eabi/lib/thumb/v7e-m+fp/hard\libc_nano.a(libc_a-stdio.o)
                0x08002fb4                __sread
 .text.__swrite
                0x08002fd6       0x38 C:/ST/STM32CubeIDE_1.15.1/STM32CubeIDE/plugins/com.st.stm32cube.ide.mcu.externaltools.gnu-tools-for-stm32.12.3.rel1.win32_1.1.0.202410251130/tools/bin/../lib/gcc/arm-none-eabi/12.3.1/../../../../arm-none-eabi/lib/thumb/v7e-m+fp/hard\libc_nano.a(libc_a-stdio.o)
                0x08002fd6                __swrite
 .text.__sseek  0x0800300e       0x24 C:/ST/STM32CubeIDE_1.15.1/STM32CubeIDE/plugins/com.st.stm32cube.ide.mcu.externaltools.gnu-tools-for-stm32.12.3.rel1.win32_1.1.0.202410251130/tools/bin/../lib/gcc/arm-none-eabi/12.3.1/../../../../arm-none-eabi/lib/thumb/v7e-m+fp/hard\libc_nano.a(libc_a-stdio.o)
                0x0800300e                __sseek
 .text.__sclose
                0x08003032        0x8 C:/ST/STM32CubeIDE_1.15.1/STM32CubeIDE/plugins/com.st.stm32cube.ide.mcu.externaltools.gnu-tools-for-stm32.12.3.rel1.win32_1.1.0.202410251130/tools/bin/../lib/gcc/arm-none-eabi/12.3.1/../../../../arm-none-eabi/lib/thumb/v7e-m+fp/hard\libc_nano.a(libc_a-stdio.o)
                0x08003032                __sclose
 .text.__swbuf_r
                0x0800303a       0x7c C:/ST/STM32CubeIDE_1.15.1/STM32CubeIDE/plugins/com.st.stm32cube.ide.mcu.externaltools.gnu-tools-for-stm32.12.3.rel1.win32_1.1.0.202410251130/tools/bin/../lib/gcc/arm-none-eabi/12.3.1/../../../../arm-none-eabi/lib/thumb/v7e-m+fp/hard\libc_nano.a(libc_a-wbuf.o)
                0x0800303a                __swbuf_r
 *fill*         0x080030b6        0x2 
 .text.__swsetup_r
                0x080030b8       0xac C:/ST/STM32CubeIDE_1.15.1/STM32CubeIDE/plugins/com.st.stm32cube.ide.mcu.externaltools.gnu-tools-for-stm32.12.3.rel1.win32_1.1.0.202410251130/tools/bin/../lib/gcc/arm-none-eabi/12.3.1/../../../../arm-none-eabi/lib/thumb/v7e-m+fp/hard\libc_nano.a(libc_a-wsetup.o)
                0x080030b8                __swsetup_r
 .text.memset   0x08003164       0x10 C:/ST/STM32CubeIDE_1.15.1/STM32CubeIDE/plugins/com.st.stm32cube.ide.mcu.externaltools.gnu-tools-for-stm32.12.3.rel1.win32_1.1.0.202410251130/tools/bin/../lib/gcc/arm-none-eabi/12.3.1/../../../../arm-none-eabi/lib/thumb/v7e-m+fp/hard\libc_nano.a(libc_a-memset.o)
                0x08003164                memset
 .text._close_r
                0x08003174       0x20 C:/ST/STM32CubeIDE_1.15.1/STM32CubeIDE/plugins/com.st.stm32cube.ide.mcu.externaltools.gnu-tools-for-stm32.12.3.rel1.win32_1.1.0.202410251130/tools/bin/../lib/gcc/arm-none-eabi/12.3.1/../../../../arm-none-eabi/lib/thumb/v7e-m+fp/hard\libc_nano.a(libc_a-closer.o)
                0x08003174                _close_r
 .text._lseek_r
                0x08003194       0x24 C:/ST/STM32CubeIDE_1.15.1/STM32CubeIDE/plugins/com.st.stm32cube.ide.mcu.externaltools.gnu-tools-for-stm32.12.3.rel1.win32_1.1.0.202410251130/tools/bin/../lib/gcc/arm-none-eabi/12.3.1/../../../../arm-none-eabi/lib/thumb/v7e-m+fp/hard\libc_nano.a(libc_a-lseekr.o)
                0x08003194                _lseek_r
 .text._read_r  0x080031b8       0x24 C:/ST/STM32CubeIDE_1.15.1/STM32CubeIDE/plugins/com.st.stm32cube.ide.mcu.externaltools.gnu-tools-for-stm32.12.3.rel1.win32_1.1.0.202410251130/tools/bin/../lib/gcc/arm-none-eabi/12.3.1/../../../../arm-none-eabi/lib/thumb/v7e-m+fp/hard\libc_nano.a(libc_a-readr.o)
                0x080031b8                _read_r
 .text._write_r
                0x080031dc       0x24 C:/ST/STM32CubeIDE_1.15.1/STM32CubeIDE/plugins/com.st.stm32cube.ide.mcu.externaltools.gnu-tools-for-stm32.12.3.rel1.win32_1.1.0.202410251130/tools/bin/../lib/gcc/arm-none-eabi/12.3.1/../../../../arm-none-eabi/lib/thumb/v7e-m+fp/hard\libc_nano.a(libc_a-writer.o)
                0x080031dc                _write_r
 .text.__errno  0x08003200        0xc C:/ST/STM32CubeIDE_1.15.1/STM32CubeIDE/plugins/com.st.stm32cube.ide.mcu.externaltools.gnu-tools-for-stm32.12.3.rel1.win32_1.1.0.202410251130/tools/bin/../lib/gcc/arm-none-eabi/12.3.1/../../../../arm-none-eabi/lib/thumb/v7e-m+fp/hard\libc_nano.a(libc_a-errno.o)
                0x08003200                __errno
 .text.__libc_init_array
                0x0800320c       0x48 C:/ST/STM32CubeIDE_1.15.1/STM32CubeIDE/plugins/com.st.stm32cube.ide.mcu.externaltools.gnu-tools-for-stm32.12.3.rel1.win32_1.1.0.202410251130/tools/bin/../lib/gcc/arm-none-eabi/12.3.1/../../../../arm-none-eabi/lib/thumb/v7e-m+fp/hard\libc_nano.a(libc_a-init.o)
                0x0800320c                __libc_init_array
 .text.__retarget_lock_init_recursive
                0x08003254        0x2 C:/ST/STM32CubeIDE_1.15.1/STM32CubeIDE/plugins/com.st.stm32cube.ide.mcu.externaltools.gnu-tools-for-stm32.12.3.rel1.win32_1.1.0.202410251130/tools/bin/../lib/gcc/arm-none-eabi/12.3.1/../../../../arm-none-eabi/lib/thumb/v7e-m+fp/hard\libc_nano.a(libc_a-lock.o)
                0x08003254                __retarget_lock_init_recursive
 .text.__retarget_lock_acquire_recursive
                0x08003256        0x2 C:/ST/STM32CubeIDE_1.15.1/STM32CubeIDE/plugins/com.st.stm32cube.ide.mcu.externaltools.gnu-tools-for-stm32.12.3.rel1.win32_1.1.0.202410251130/tools/bin/../lib/gcc/arm-none-eabi/12.3.1/../../../../arm-none-eabi/lib/thumb/v7e-m+fp/hard\libc_nano.a(libc_a-lock.o)
                0x08003256                __retarget_lock_acquire_recursive
 .text.__retarget_lock_release_recursive
                0x08003258        0x2 C:/ST/STM32CubeIDE_1.15.1/STM32CubeIDE/plugins/com.st.stm32cube.ide.mcu.externaltools.gnu-tools-for-stm32.12.3.rel1.win32_1.1.0.202410251130/tools/bin/../lib/gcc/arm-none-eabi/12.3.1/../../../../arm-none-eabi/lib/thumb/v7e-m+fp/hard\libc_nano.a(libc_a-lock.o)
                0x08003258                __retarget_lock_release_recursive
 *fill*         0x0800325a        0x2 
 .text._free_r  0x0800325c       0x94 C:/ST/STM32CubeIDE_1.15.1/STM32CubeIDE/plugins/com.st.stm32cube.ide.mcu.externaltools.gnu-tools-for-stm32.12.3.rel1.win32_1.1.0.202410251130/tools/bin/../lib/gcc/arm-none-eabi/12.3.1/../../../../arm-none-eabi/lib/thumb/v7e-m+fp/hard\libc_nano.a(libc_a-freer.o)
                0x0800325c                _free_r
 .text.sbrk_aligned
                0x080032f0       0x44 C:/ST/STM32CubeIDE_1.15.1/STM32CubeIDE/plugins/com.st.stm32cube.ide.mcu.externaltools.gnu-tools-for-stm32.12.3.rel1.win32_1.1.0.202410251130/tools/bin/../lib/gcc/arm-none-eabi/12.3.1/../../../../arm-none-eabi/lib/thumb/v7e-m+fp/hard\libc_nano.a(libc_a-mallocr.o)
 .text._malloc_r
                0x08003334      0x100 C:/ST/STM32CubeIDE_1.15.1/STM32CubeIDE/plugins/com.st.stm32cube.ide.mcu.externaltools.gnu-tools-for-stm32.12.3.rel1.win32_1.1.0.202410251130/tools/bin/../lib/gcc/arm-none-eabi/12.3.1/../../../../arm-none-eabi/lib/thumb/v7e-m+fp/hard\libc_nano.a(libc_a-mallocr.o)
                0x08003334                _malloc_r
 .text.__malloc_lock
                0x08003434        0xc C:/ST/STM32CubeIDE_1.15.1/STM32CubeIDE/plugins/com.st.stm32cube.ide.mcu.externaltools.gnu-tools-for-stm32.12.3.rel1.win32_1.1.0.202410251130/tools/bin/../lib/gcc/arm-none-eabi/12.3.1/../../../../arm-none-eabi/lib/thumb/v7e-m+fp/hard\libc_nano.a(libc_a-mlock.o)
                0x08003434                __malloc_lock
 .text.__malloc_unlock
                0x08003440        0xc C:/ST/STM32CubeIDE_1.15.1/STM32CubeIDE/plugins/com.st.stm32cube.ide.mcu.externaltools.gnu-tools-for-stm32.12.3.rel1.win32_1.1.0.202410251130/tools/bin/../lib/gcc/arm-none-eabi/12.3.1/../../../../arm-none-eabi/lib/thumb/v7e-m+fp/hard\libc_nano.a(libc_a-mlock.o)
                0x08003440                __malloc_unlock
 .text.__sflush_r
                0x0800344c      0x108 C:/ST/STM32CubeIDE_1.15.1/STM32CubeIDE/plugins/com.st.stm32cube.ide.mcu.externaltools.gnu-tools-for-stm32.12.3.rel1.win32_1.1.0.202410251130/tools/bin/../lib/gcc/arm-none-eabi/12.3.1/../../../../arm-none-eabi/lib/thumb/v7e-m+fp/hard\libc_nano.a(libc_a-fflush.o)
                0x0800344c                __sflush_r
 .text._fflush_r
                0x08003554       0x50 C:/ST/STM32CubeIDE_1.15.1/STM32CubeIDE/plugins/com.st.stm32cube.ide.mcu.externaltools.gnu-tools-for-stm32.12.3.rel1.win32_1.1.0.202410251130/tools/bin/../lib/gcc/arm-none-eabi/12.3.1/../../../../arm-none-eabi/lib/thumb/v7e-m+fp/hard\libc_nano.a(libc_a-fflush.o)
                0x08003554                _fflush_r
 .text.__swhatbuf_r
                0x080035a4       0x4c C:/ST/STM32CubeIDE_1.15.1/STM32CubeIDE/plugins/com.st.stm32cube.ide.mcu.externaltools.gnu-tools-for-stm32.12.3.rel1.win32_1.1.0.202410251130/tools/bin/../lib/gcc/arm-none-eabi/12.3.1/../../../../arm-none-eabi/lib/thumb/v7e-m+fp/hard\libc_nano.a(libc_a-makebuf.o)
                0x080035a4                __swhatbuf_r
 .text.__smakebuf_r
                0x080035f0       0x78 C:/ST/STM32CubeIDE_1.15.1/STM32CubeIDE/plugins/com.st.stm32cube.ide.mcu.externaltools.gnu-tools-for-stm32.12.3.rel1.win32_1.1.0.202410251130/tools/bin/../lib/gcc/arm-none-eabi/12.3.1/../../../../arm-none-eabi/lib/thumb/v7e-m+fp/hard\libc_nano.a(libc_a-makebuf.o)
                0x080035f0                __smakebuf_r
 .text._fstat_r
                0x08003668       0x24 C:/ST/STM32CubeIDE_1.15.1/STM32CubeIDE/plugins/com.st.stm32cube.ide.mcu.externaltools.gnu-tools-for-stm32.12.3.rel1.win32_1.1.0.202410251130/tools/bin/../lib/gcc/arm-none-eabi/12.3.1/../../../../arm-none-eabi/lib/thumb/v7e-m+fp/hard\libc_nano.a(libc_a-fstatr.o)
                0x08003668                _fstat_r
 .text._isatty_r
                0x0800368c       0x20 C:/ST/STM32CubeIDE_1.15.1/STM32CubeIDE/plugins/com.st.stm32cube.ide.mcu.externaltools.gnu-tools-for-stm32.12.3.rel1.win32_1.1.0.202410251130/tools/bin/../lib/gcc/arm-none-eabi/12.3.1/../../../../arm-none-eabi/lib/thumb/v7e-m+fp/hard\libc_nano.a(libc_a-isattyr.o)
                0x0800368c                _isatty_r
 .text._sbrk_r  0x080036ac       0x20 C:/ST/STM32CubeIDE_1.15.1/STM32CubeIDE/plugins/com.st.stm32cube.ide.mcu.externaltools.gnu-tools-for-stm32.12.3.rel1.win32_1.1.0.202410251130/tools/bin/../lib/gcc/arm-none-eabi/12.3.1/../../../../arm-none-eabi/lib/thumb/v7e-m+fp/hard\libc_nano.a(libc_a-sbrkr.o)
                0x080036ac                _sbrk_r
 *(.glue_7)
 .glue_7        0x080036cc        0x0 linker stubs
 *(.glue_7t)
 .glue_7t       0x080036cc        0x0 linker stubs
 *(.eh_frame)
 .eh_frame      0x080036cc        0x0 C:/ST/STM32CubeIDE_1.15.1/STM32CubeIDE/plugins/com.st.stm32cube.ide.mcu.externaltools.gnu-tools-for-stm32.12.3.rel1.win32_1.1.0.202410251130/tools/bin/../lib/gcc/arm-none-eabi/12.3.1/thumb/v7e-m+fp/hard/crtbegin.o
 *(.init)
 .init          0x080036cc        0x4 C:/ST/STM32CubeIDE_1.15.1/STM32CubeIDE/plugins/com.st.stm32cube.ide.mcu.externaltools.gnu-tools-for-stm32.12.3.rel1.win32_1.1.0.202410251130/tools/bin/../lib/gcc/arm-none-eabi/12.3.1/thumb/v7e-m+fp/hard/crti.o
                0x080036cc                _init
 .init          0x080036d0        0x8 C:/ST/STM32CubeIDE_1.15.1/STM32CubeIDE/plugins/com.st.stm32cube.ide.mcu.externaltools.gnu-tools-for-stm32.12.3.rel1.win32_1.1.0.202410251130/tools/bin/../lib/gcc/arm-none-eabi/12.3.1/thumb/v7e-m+fp/hard/crtn.o
 *(.fini)
 .fini          0x080036d8        0x4 C:/ST/STM32CubeIDE_1.15.1/STM32CubeIDE/plugins/com.st.stm32cube.ide.mcu.externaltools.gnu-tools-for-stm32.12.3.rel1.win32_1.1.0.202410251130/tools/bin/../lib/gcc/arm-none-eabi/12.3.1/thumb/v7e-m+fp/hard/crti.o
                0x080036d8                _fini
 .fini          0x080036dc        0x8 C:/ST/STM32CubeIDE_1.15.1/STM32CubeIDE/plugins/com.st.stm32cube.ide.mcu.externaltools.gnu-tools-for-stm32.12.3.rel1.win32_1.1.0.202410251130/tools/bin/../lib/gcc/arm-none-eabi/12.3.1/thumb/v7e-m+fp/hard/crtn.o
                0x080036e4                        . = ALIGN (0x4)
                0x080036e4                        _etext = .

.vfp11_veneer   0x080036e4        0x0
 .vfp11_veneer  0x080036e4        0x0 linker stubs

.v4_bx          0x080036e4        0x0
 .v4_bx         0x080036e4        0x0 linker stubs

.iplt           0x080036e4        0x0
 .iplt          0x080036e4        0x0 C:/ST/STM32CubeIDE_1.15.1/STM32CubeIDE/plugins/com.st.stm32cube.ide.mcu.externaltools.gnu-tools-for-stm32.12.3.rel1.win32_1.1.0.202410251130/tools/bin/../lib/gcc/arm-none-eabi/12.3.1/thumb/v7e-m+fp/hard/crtbegin.o

.rodata         0x080036e4    0x70a74
                0x080036e4                        . = ALIGN (0x4)
 *(.rodata)
 .rodata        0x080036e4       0x24 ./Core/Src/main.o
 *(.rodata*)
 .rodata.font   0x08003708      0x240 ./Core/Src/ILI9341_GFX.o
 .rodata.trige1
                0x08003948    0x25800 ./Core/Src/main.o
 .rodata.trige2
                0x08029148    0x25800 ./Core/Src/main.o
 .rodata.trige3
                0x0804e948    0x25800 ./Core/Src/main.o
 .rodata.AHBPrescTable
                0x08074148       0x10 ./Core/Src/system_stm32f4xx.o
                0x08074148                AHBPrescTable
                0x08074158                        . = ALIGN (0x4)

.ARM.extab      0x08074158        0x0
                0x08074158                        . = ALIGN (0x4)
 *(.ARM.extab* .gnu.linkonce.armextab.*)
                0x08074158                        . = ALIGN (0x4)

.ARM            0x08074158        0x8
                0x08074158                        . = ALIGN (0x4)
                0x08074158                        __exidx_start = .
 *(.ARM.exidx*)
 .ARM.exidx     0x08074158        0x8 C:/ST/STM32CubeIDE_1.15.1/STM32CubeIDE/plugins/com.st.stm32cube.ide.mcu.externaltools.gnu-tools-for-stm32.12.3.rel1.win32_1.1.0.202410251130/tools/bin/../lib/gcc/arm-none-eabi/12.3.1/thumb/v7e-m+fp/hard\libgcc.a(_udivmoddi4.o)
                0x08074160                        __exidx_end = .
                0x08074160                        . = ALIGN (0x4)

.preinit_array  0x08074160        0x0
                0x08074160                        . = ALIGN (0x4)
                0x08074160                        PROVIDE (__preinit_array_start = .)
 *(.preinit_array*)
                0x08074160                        PROVIDE (__preinit_array_end = .)
                0x08074160                        . = ALIGN (0x4)

.init_array     0x08074160        0x4
                0x08074160                        . = ALIGN (0x4)
                0x08074160                        PROVIDE (__init_array_start = .)
 *(SORT_BY_NAME(.init_array.*))
 *(.init_array*)
 .init_array    0x08074160        0x4 C:/ST/STM32CubeIDE_1.15.1/STM32CubeIDE/plugins/com.st.stm32cube.ide.mcu.externaltools.gnu-tools-for-stm32.12.3.rel1.win32_1.1.0.202410251130/tools/bin/../lib/gcc/arm-none-eabi/12.3.1/thumb/v7e-m+fp/hard/crtbegin.o
                0x08074164                        PROVIDE (__init_array_end = .)
                0x08074164                        . = ALIGN (0x4)

.fini_array     0x08074164        0x4
                0x08074164                        . = ALIGN (0x4)
                [!provide]                        PROVIDE (__fini_array_start = .)
 *(SORT_BY_NAME(.fini_array.*))
 *(.fini_array*)
 .fini_array    0x08074164        0x4 C:/ST/STM32CubeIDE_1.15.1/STM32CubeIDE/plugins/com.st.stm32cube.ide.mcu.externaltools.gnu-tools-for-stm32.12.3.rel1.win32_1.1.0.202410251130/tools/bin/../lib/gcc/arm-none-eabi/12.3.1/thumb/v7e-m+fp/hard/crtbegin.o
                [!provide]                        PROVIDE (__fini_array_end = .)
                0x08074168                        . = ALIGN (0x4)
                0x08074168                        _sidata = LOADADDR (.data)

.rel.dyn        0x08074168        0x0
 .rel.iplt      0x08074168        0x0 C:/ST/STM32CubeIDE_1.15.1/STM32CubeIDE/plugins/com.st.stm32cube.ide.mcu.externaltools.gnu-tools-for-stm32.12.3.rel1.win32_1.1.0.202410251130/tools/bin/../lib/gcc/arm-none-eabi/12.3.1/thumb/v7e-m+fp/hard/crtbegin.o

.data           0x20000000       0x6c load address 0x08074168
                0x20000000                        . = ALIGN (0x4)
                0x20000000                        _sdata = .
 *(.data)
 *(.data*)
 .data.LCD_HEIGHT
                0x20000000        0x2 ./Core/Src/ILI9341.o
                0x20000000                LCD_HEIGHT
 .data.LCD_WIDTH
                0x20000002        0x2 ./Core/Src/ILI9341.o
                0x20000002                LCD_WIDTH
 .data.SystemCoreClock
                0x20000004        0x4 ./Core/Src/system_stm32f4xx.o
                0x20000004                SystemCoreClock
 .data.uwTickPrio
                0x20000008        0x4 ./Drivers/STM32F4xx_HAL_Driver/Src/stm32f4xx_hal.o
                0x20000008                uwTickPrio
 .data.uwTickFreq
                0x2000000c        0x1 ./Drivers/STM32F4xx_HAL_Driver/Src/stm32f4xx_hal.o
                0x2000000c                uwTickFreq
 *fill*         0x2000000d        0x3 
 .data.__sglue  0x20000010        0xc C:/ST/STM32CubeIDE_1.15.1/STM32CubeIDE/plugins/com.st.stm32cube.ide.mcu.externaltools.gnu-tools-for-stm32.12.3.rel1.win32_1.1.0.202410251130/tools/bin/../lib/gcc/arm-none-eabi/12.3.1/../../../../arm-none-eabi/lib/thumb/v7e-m+fp/hard\libc_nano.a(libc_a-findfp.o)
                0x20000010                __sglue
 .data._impure_ptr
                0x2000001c        0x4 C:/ST/STM32CubeIDE_1.15.1/STM32CubeIDE/plugins/com.st.stm32cube.ide.mcu.externaltools.gnu-tools-for-stm32.12.3.rel1.win32_1.1.0.202410251130/tools/bin/../lib/gcc/arm-none-eabi/12.3.1/../../../../arm-none-eabi/lib/thumb/v7e-m+fp/hard\libc_nano.a(libc_a-impure.o)
                0x2000001c                _impure_ptr
 .data._impure_data
                0x20000020       0x4c C:/ST/STM32CubeIDE_1.15.1/STM32CubeIDE/plugins/com.st.stm32cube.ide.mcu.externaltools.gnu-tools-for-stm32.12.3.rel1.win32_1.1.0.202410251130/tools/bin/../lib/gcc/arm-none-eabi/12.3.1/../../../../arm-none-eabi/lib/thumb/v7e-m+fp/hard\libc_nano.a(libc_a-impure.o)
                0x20000020                _impure_data
 *(.RamFunc)
 *(.RamFunc*)
                0x2000006c                        . = ALIGN (0x4)
                0x2000006c                        _edata = .
                0x080741d4                        _siccmram = LOADADDR (.ccmram)

.igot.plt       0x2000006c        0x0 load address 0x080741d4
 .igot.plt      0x2000006c        0x0 C:/ST/STM32CubeIDE_1.15.1/STM32CubeIDE/plugins/com.st.stm32cube.ide.mcu.externaltools.gnu-tools-for-stm32.12.3.rel1.win32_1.1.0.202410251130/tools/bin/../lib/gcc/arm-none-eabi/12.3.1/thumb/v7e-m+fp/hard/crtbegin.o

.ccmram         0x10000000        0x0 load address 0x080741d4
                0x10000000                        . = ALIGN (0x4)
                0x10000000                        _sccmram = .
 *(.ccmram)
 *(.ccmram*)
                0x10000000                        . = ALIGN (0x4)
                0x10000000                        _eccmram = .
                0x10000000                        . = ALIGN (0x4)

.bss            0x2000006c      0x1d8
                0x2000006c                        _sbss = .
                0x2000006c                        __bss_start__ = _sbss
 *(.bss)
 .bss           0x2000006c       0x1c C:/ST/STM32CubeIDE_1.15.1/STM32CubeIDE/plugins/com.st.stm32cube.ide.mcu.externaltools.gnu-tools-for-stm32.12.3.rel1.win32_1.1.0.202410251130/tools/bin/../lib/gcc/arm-none-eabi/12.3.1/thumb/v7e-m+fp/hard/crtbegin.o
 *(.bss*)
 .bss.hrng      0x20000088       0x10 ./Core/Src/main.o
                0x20000088                hrng
 .bss.hspi2     0x20000098       0x58 ./Core/Src/main.o
                0x20000098                hspi2
 .bss.__sbrk_heap_end
                0x200000f0        0x4 ./Core/Src/sysmem.o
 .bss.uwTick    0x200000f4        0x4 ./Drivers/STM32F4xx_HAL_Driver/Src/stm32f4xx_hal.o
                0x200000f4                uwTick
 .bss.__sf      0x200000f8      0x138 C:/ST/STM32CubeIDE_1.15.1/STM32CubeIDE/plugins/com.st.stm32cube.ide.mcu.externaltools.gnu-tools-for-stm32.12.3.rel1.win32_1.1.0.202410251130/tools/bin/../lib/gcc/arm-none-eabi/12.3.1/../../../../arm-none-eabi/lib/thumb/v7e-m+fp/hard\libc_nano.a(libc_a-findfp.o)
                0x200000f8                __sf
 .bss.__stdio_exit_handler
                0x20000230        0x4 C:/ST/STM32CubeIDE_1.15.1/STM32CubeIDE/plugins/com.st.stm32cube.ide.mcu.externaltools.gnu-tools-for-stm32.12.3.rel1.win32_1.1.0.202410251130/tools/bin/../lib/gcc/arm-none-eabi/12.3.1/../../../../arm-none-eabi/lib/thumb/v7e-m+fp/hard\libc_nano.a(libc_a-findfp.o)
                0x20000230                __stdio_exit_handler
 .bss.errno     0x20000234        0x4 C:/ST/STM32CubeIDE_1.15.1/STM32CubeIDE/plugins/com.st.stm32cube.ide.mcu.externaltools.gnu-tools-for-stm32.12.3.rel1.win32_1.1.0.202410251130/tools/bin/../lib/gcc/arm-none-eabi/12.3.1/../../../../arm-none-eabi/lib/thumb/v7e-m+fp/hard\libc_nano.a(libc_a-reent.o)
                0x20000234                errno
 .bss.__lock___malloc_recursive_mutex
                0x20000238        0x1 C:/ST/STM32CubeIDE_1.15.1/STM32CubeIDE/plugins/com.st.stm32cube.ide.mcu.externaltools.gnu-tools-for-stm32.12.3.rel1.win32_1.1.0.202410251130/tools/bin/../lib/gcc/arm-none-eabi/12.3.1/../../../../arm-none-eabi/lib/thumb/v7e-m+fp/hard\libc_nano.a(libc_a-lock.o)
                0x20000238                __lock___malloc_recursive_mutex
 .bss.__lock___sfp_recursive_mutex
                0x20000239        0x1 C:/ST/STM32CubeIDE_1.15.1/STM32CubeIDE/plugins/com.st.stm32cube.ide.mcu.externaltools.gnu-tools-for-stm32.12.3.rel1.win32_1.1.0.202410251130/tools/bin/../lib/gcc/arm-none-eabi/12.3.1/../../../../arm-none-eabi/lib/thumb/v7e-m+fp/hard\libc_nano.a(libc_a-lock.o)
                0x20000239                __lock___sfp_recursive_mutex
 *fill*         0x2000023a        0x2 
 .bss.__malloc_sbrk_start
                0x2000023c        0x4 C:/ST/STM32CubeIDE_1.15.1/STM32CubeIDE/plugins/com.st.stm32cube.ide.mcu.externaltools.gnu-tools-for-stm32.12.3.rel1.win32_1.1.0.202410251130/tools/bin/../lib/gcc/arm-none-eabi/12.3.1/../../../../arm-none-eabi/lib/thumb/v7e-m+fp/hard\libc_nano.a(libc_a-mallocr.o)
                0x2000023c                __malloc_sbrk_start
 .bss.__malloc_free_list
                0x20000240        0x4 C:/ST/STM32CubeIDE_1.15.1/STM32CubeIDE/plugins/com.st.stm32cube.ide.mcu.externaltools.gnu-tools-for-stm32.12.3.rel1.win32_1.1.0.202410251130/tools/bin/../lib/gcc/arm-none-eabi/12.3.1/../../../../arm-none-eabi/lib/thumb/v7e-m+fp/hard\libc_nano.a(libc_a-mallocr.o)
                0x20000240                __malloc_free_list
 *(COMMON)
                0x20000244                        . = ALIGN (0x4)
                0x20000244                        _ebss = .
                0x20000244                        __bss_end__ = _ebss

._user_heap_stack
                0x20000244      0x604
                0x20000248                        . = ALIGN (0x8)
 *fill*         0x20000244        0x4 
                [!provide]                        PROVIDE (end = .)
                0x20000248                        PROVIDE (_end = .)
                0x20000448                        . = (. + _Min_Heap_Size)
 *fill*         0x20000248      0x200 
                0x20000848                        . = (. + _Min_Stack_Size)
 *fill*         0x20000448      0x400 
                0x20000848                        . = ALIGN (0x8)

/DISCARD/
 libc.a(*)
 libm.a(*)
 libgcc.a(*)

.ARM.attributes
                0x00000000       0x30
 *(.ARM.attributes)
 .ARM.attributes
                0x00000000       0x22 C:/ST/STM32CubeIDE_1.15.1/STM32CubeIDE/plugins/com.st.stm32cube.ide.mcu.externaltools.gnu-tools-for-stm32.12.3.rel1.win32_1.1.0.202410251130/tools/bin/../lib/gcc/arm-none-eabi/12.3.1/thumb/v7e-m+fp/hard/crti.o
 .ARM.attributes
                0x00000022       0x34 C:/ST/STM32CubeIDE_1.15.1/STM32CubeIDE/plugins/com.st.stm32cube.ide.mcu.externaltools.gnu-tools-for-stm32.12.3.rel1.win32_1.1.0.202410251130/tools/bin/../lib/gcc/arm-none-eabi/12.3.1/thumb/v7e-m+fp/hard/crtbegin.o
 .ARM.attributes
                0x00000056       0x34 ./Core/Src/ILI9341.o
 .ARM.attributes
                0x0000008a       0x34 ./Core/Src/ILI9341_GFX.o
 .ARM.attributes
                0x000000be       0x34 ./Core/Src/Utility.o
 .ARM.attributes
                0x000000f2       0x34 ./Core/Src/main.o
 .ARM.attributes
                0x00000126       0x34 ./Core/Src/stm32f4xx_hal_msp.o
 .ARM.attributes
                0x0000015a       0x34 ./Core/Src/stm32f4xx_it.o
 .ARM.attributes
                0x0000018e       0x34 ./Core/Src/syscalls.o
 .ARM.attributes
                0x000001c2       0x34 ./Core/Src/sysmem.o
 .ARM.attributes
                0x000001f6       0x34 ./Core/Src/system_stm32f4xx.o
 .ARM.attributes
                0x0000022a       0x21 ./Core/Startup/startup_stm32f407vetx.o
 .ARM.attributes
                0x0000024b       0x34 ./Drivers/STM32F4xx_HAL_Driver/Src/stm32f4xx_hal.o
 .ARM.attributes
                0x0000027f       0x34 ./Drivers/STM32F4xx_HAL_Driver/Src/stm32f4xx_hal_cortex.o
 .ARM.attributes
                0x000002b3       0x34 ./Drivers/STM32F4xx_HAL_Driver/Src/stm32f4xx_hal_gpio.o
 .ARM.attributes
                0x000002e7       0x34 ./Drivers/STM32F4xx_HAL_Driver/Src/stm32f4xx_hal_rcc.o
 .ARM.attributes
                0x0000031b       0x34 ./Drivers/STM32F4xx_HAL_Driver/Src/stm32f4xx_hal_rng.o
 .ARM.attributes
                0x0000034f       0x34 ./Drivers/STM32F4xx_HAL_Driver/Src/stm32f4xx_hal_spi.o
 .ARM.attributes
                0x00000383       0x34 C:/ST/STM32CubeIDE_1.15.1/STM32CubeIDE/plugins/com.st.stm32cube.ide.mcu.externaltools.gnu-tools-for-stm32.12.3.rel1.win32_1.1.0.202410251130/tools/bin/../lib/gcc/arm-none-eabi/12.3.1/../../../../arm-none-eabi/lib/thumb/v7e-m+fp/hard\libc_nano.a(libc_a-findfp.o)
 .ARM.attributes
                0x000003b7       0x34 C:/ST/STM32CubeIDE_1.15.1/STM32CubeIDE/plugins/com.st.stm32cube.ide.mcu.externaltools.gnu-tools-for-stm32.12.3.rel1.win32_1.1.0.202410251130/tools/bin/../lib/gcc/arm-none-eabi/12.3.1/../../../../arm-none-eabi/lib/thumb/v7e-m+fp/hard\libc_nano.a(libc_a-fwalk.o)
 .ARM.attributes
                0x000003eb       0x34 C:/ST/STM32CubeIDE_1.15.1/STM32CubeIDE/plugins/com.st.stm32cube.ide.mcu.externaltools.gnu-tools-for-stm32.12.3.rel1.win32_1.1.0.202410251130/tools/bin/../lib/gcc/arm-none-eabi/12.3.1/../../../../arm-none-eabi/lib/thumb/v7e-m+fp/hard\libc_nano.a(libc_a-puts.o)
 .ARM.attributes
                0x0000041f       0x34 C:/ST/STM32CubeIDE_1.15.1/STM32CubeIDE/plugins/com.st.stm32cube.ide.mcu.externaltools.gnu-tools-for-stm32.12.3.rel1.win32_1.1.0.202410251130/tools/bin/../lib/gcc/arm-none-eabi/12.3.1/../../../../arm-none-eabi/lib/thumb/v7e-m+fp/hard\libc_nano.a(libc_a-stdio.o)
 .ARM.attributes
                0x00000453       0x34 C:/ST/STM32CubeIDE_1.15.1/STM32CubeIDE/plugins/com.st.stm32cube.ide.mcu.externaltools.gnu-tools-for-stm32.12.3.rel1.win32_1.1.0.202410251130/tools/bin/../lib/gcc/arm-none-eabi/12.3.1/../../../../arm-none-eabi/lib/thumb/v7e-m+fp/hard\libc_nano.a(libc_a-wbuf.o)
 .ARM.attributes
                0x00000487       0x34 C:/ST/STM32CubeIDE_1.15.1/STM32CubeIDE/plugins/com.st.stm32cube.ide.mcu.externaltools.gnu-tools-for-stm32.12.3.rel1.win32_1.1.0.202410251130/tools/bin/../lib/gcc/arm-none-eabi/12.3.1/../../../../arm-none-eabi/lib/thumb/v7e-m+fp/hard\libc_nano.a(libc_a-wsetup.o)
 .ARM.attributes
                0x000004bb       0x34 C:/ST/STM32CubeIDE_1.15.1/STM32CubeIDE/plugins/com.st.stm32cube.ide.mcu.externaltools.gnu-tools-for-stm32.12.3.rel1.win32_1.1.0.202410251130/tools/bin/../lib/gcc/arm-none-eabi/12.3.1/../../../../arm-none-eabi/lib/thumb/v7e-m+fp/hard\libc_nano.a(libc_a-memset.o)
 .ARM.attributes
                0x000004ef       0x34 C:/ST/STM32CubeIDE_1.15.1/STM32CubeIDE/plugins/com.st.stm32cube.ide.mcu.externaltools.gnu-tools-for-stm32.12.3.rel1.win32_1.1.0.202410251130/tools/bin/../lib/gcc/arm-none-eabi/12.3.1/../../../../arm-none-eabi/lib/thumb/v7e-m+fp/hard\libc_nano.a(libc_a-closer.o)
 .ARM.attributes
                0x00000523       0x34 C:/ST/STM32CubeIDE_1.15.1/STM32CubeIDE/plugins/com.st.stm32cube.ide.mcu.externaltools.gnu-tools-for-stm32.12.3.rel1.win32_1.1.0.202410251130/tools/bin/../lib/gcc/arm-none-eabi/12.3.1/../../../../arm-none-eabi/lib/thumb/v7e-m+fp/hard\libc_nano.a(libc_a-reent.o)
 .ARM.attributes
                0x00000557       0x34 C:/ST/STM32CubeIDE_1.15.1/STM32CubeIDE/plugins/com.st.stm32cube.ide.mcu.externaltools.gnu-tools-for-stm32.12.3.rel1.win32_1.1.0.202410251130/tools/bin/../lib/gcc/arm-none-eabi/12.3.1/../../../../arm-none-eabi/lib/thumb/v7e-m+fp/hard\libc_nano.a(libc_a-impure.o)
 .ARM.attributes
                0x0000058b       0x34 C:/ST/STM32CubeIDE_1.15.1/STM32CubeIDE/plugins/com.st.stm32cube.ide.mcu.externaltools.gnu-tools-for-stm32.12.3.rel1.win32_1.1.0.202410251130/tools/bin/../lib/gcc/arm-none-eabi/12.3.1/../../../../arm-none-eabi/lib/thumb/v7e-m+fp/hard\libc_nano.a(libc_a-lseekr.o)
 .ARM.attributes
                0x000005bf       0x34 C:/ST/STM32CubeIDE_1.15.1/STM32CubeIDE/plugins/com.st.stm32cube.ide.mcu.externaltools.gnu-tools-for-stm32.12.3.rel1.win32_1.1.0.202410251130/tools/bin/../lib/gcc/arm-none-eabi/12.3.1/../../../../arm-none-eabi/lib/thumb/v7e-m+fp/hard\libc_nano.a(libc_a-readr.o)
 .ARM.attributes
                0x000005f3       0x34 C:/ST/STM32CubeIDE_1.15.1/STM32CubeIDE/plugins/com.st.stm32cube.ide.mcu.externaltools.gnu-tools-for-stm32.12.3.rel1.win32_1.1.0.202410251130/tools/bin/../lib/gcc/arm-none-eabi/12.3.1/../../../../arm-none-eabi/lib/thumb/v7e-m+fp/hard\libc_nano.a(libc_a-writer.o)
 .ARM.attributes
                0x00000627       0x34 C:/ST/STM32CubeIDE_1.15.1/STM32CubeIDE/plugins/com.st.stm32cube.ide.mcu.externaltools.gnu-tools-for-stm32.12.3.rel1.win32_1.1.0.202410251130/tools/bin/../lib/gcc/arm-none-eabi/12.3.1/../../../../arm-none-eabi/lib/thumb/v7e-m+fp/hard\libc_nano.a(libc_a-errno.o)
 .ARM.attributes
                0x0000065b       0x34 C:/ST/STM32CubeIDE_1.15.1/STM32CubeIDE/plugins/com.st.stm32cube.ide.mcu.externaltools.gnu-tools-for-stm32.12.3.rel1.win32_1.1.0.202410251130/tools/bin/../lib/gcc/arm-none-eabi/12.3.1/../../../../arm-none-eabi/lib/thumb/v7e-m+fp/hard\libc_nano.a(libc_a-init.o)
 .ARM.attributes
                0x0000068f       0x34 C:/ST/STM32CubeIDE_1.15.1/STM32CubeIDE/plugins/com.st.stm32cube.ide.mcu.externaltools.gnu-tools-for-stm32.12.3.rel1.win32_1.1.0.202410251130/tools/bin/../lib/gcc/arm-none-eabi/12.3.1/../../../../arm-none-eabi/lib/thumb/v7e-m+fp/hard\libc_nano.a(libc_a-lock.o)
 .ARM.attributes
                0x000006c3       0x34 C:/ST/STM32CubeIDE_1.15.1/STM32CubeIDE/plugins/com.st.stm32cube.ide.mcu.externaltools.gnu-tools-for-stm32.12.3.rel1.win32_1.1.0.202410251130/tools/bin/../lib/gcc/arm-none-eabi/12.3.1/../../../../arm-none-eabi/lib/thumb/v7e-m+fp/hard\libc_nano.a(libc_a-freer.o)
 .ARM.attributes
                0x000006f7       0x34 C:/ST/STM32CubeIDE_1.15.1/STM32CubeIDE/plugins/com.st.stm32cube.ide.mcu.externaltools.gnu-tools-for-stm32.12.3.rel1.win32_1.1.0.202410251130/tools/bin/../lib/gcc/arm-none-eabi/12.3.1/../../../../arm-none-eabi/lib/thumb/v7e-m+fp/hard\libc_nano.a(libc_a-mallocr.o)
 .ARM.attributes
                0x0000072b       0x34 C:/ST/STM32CubeIDE_1.15.1/STM32CubeIDE/plugins/com.st.stm32cube.ide.mcu.externaltools.gnu-tools-for-stm32.12.3.rel1.win32_1.1.0.202410251130/tools/bin/../lib/gcc/arm-none-eabi/12.3.1/../../../../arm-none-eabi/lib/thumb/v7e-m+fp/hard\libc_nano.a(libc_a-mlock.o)
 .ARM.attributes
                0x0000075f       0x34 C:/ST/STM32CubeIDE_1.15.1/STM32CubeIDE/plugins/com.st.stm32cube.ide.mcu.externaltools.gnu-tools-for-stm32.12.3.rel1.win32_1.1.0.202410251130/tools/bin/../lib/gcc/arm-none-eabi/12.3.1/../../../../arm-none-eabi/lib/thumb/v7e-m+fp/hard\libc_nano.a(libc_a-fflush.o)
 .ARM.attributes
                0x00000793       0x34 C:/ST/STM32CubeIDE_1.15.1/STM32CubeIDE/plugins/com.st.stm32cube.ide.mcu.externaltools.gnu-tools-for-stm32.12.3.rel1.win32_1.1.0.202410251130/tools/bin/../lib/gcc/arm-none-eabi/12.3.1/../../../../arm-none-eabi/lib/thumb/v7e-m+fp/hard\libc_nano.a(libc_a-makebuf.o)
 .ARM.attributes
                0x000007c7       0x34 C:/ST/STM32CubeIDE_1.15.1/STM32CubeIDE/plugins/com.st.stm32cube.ide.mcu.externaltools.gnu-tools-for-stm32.12.3.rel1.win32_1.1.0.202410251130/tools/bin/../lib/gcc/arm-none-eabi/12.3.1/../../../../arm-none-eabi/lib/thumb/v7e-m+fp/hard\libc_nano.a(libc_a-fstatr.o)
 .ARM.attributes
                0x000007fb       0x34 C:/ST/STM32CubeIDE_1.15.1/STM32CubeIDE/plugins/com.st.stm32cube.ide.mcu.externaltools.gnu-tools-for-stm32.12.3.rel1.win32_1.1.0.202410251130/tools/bin/../lib/gcc/arm-none-eabi/12.3.1/../../../../arm-none-eabi/lib/thumb/v7e-m+fp/hard\libc_nano.a(libc_a-isattyr.o)
 .ARM.attributes
                0x0000082f       0x34 C:/ST/STM32CubeIDE_1.15.1/STM32CubeIDE/plugins/com.st.stm32cube.ide.mcu.externaltools.gnu-tools-for-stm32.12.3.rel1.win32_1.1.0.202410251130/tools/bin/../lib/gcc/arm-none-eabi/12.3.1/../../../../arm-none-eabi/lib/thumb/v7e-m+fp/hard\libc_nano.a(libc_a-sbrkr.o)
 .ARM.attributes
                0x00000863       0x22 C:/ST/STM32CubeIDE_1.15.1/STM32CubeIDE/plugins/com.st.stm32cube.ide.mcu.externaltools.gnu-tools-for-stm32.12.3.rel1.win32_1.1.0.202410251130/tools/bin/../lib/gcc/arm-none-eabi/12.3.1/thumb/v7e-m+fp/hard\libgcc.a(_aeabi_uldivmod.o)
 .ARM.attributes
                0x00000885       0x34 C:/ST/STM32CubeIDE_1.15.1/STM32CubeIDE/plugins/com.st.stm32cube.ide.mcu.externaltools.gnu-tools-for-stm32.12.3.rel1.win32_1.1.0.202410251130/tools/bin/../lib/gcc/arm-none-eabi/12.3.1/thumb/v7e-m+fp/hard\libgcc.a(_udivmoddi4.o)
 .ARM.attributes
                0x000008b9       0x22 C:/ST/STM32CubeIDE_1.15.1/STM32CubeIDE/plugins/com.st.stm32cube.ide.mcu.externaltools.gnu-tools-for-stm32.12.3.rel1.win32_1.1.0.202410251130/tools/bin/../lib/gcc/arm-none-eabi/12.3.1/thumb/v7e-m+fp/hard\libgcc.a(_dvmd_tls.o)
 .ARM.attributes
                0x000008db       0x22 C:/ST/STM32CubeIDE_1.15.1/STM32CubeIDE/plugins/com.st.stm32cube.ide.mcu.externaltools.gnu-tools-for-stm32.12.3.rel1.win32_1.1.0.202410251130/tools/bin/../lib/gcc/arm-none-eabi/12.3.1/thumb/v7e-m+fp/hard/crtn.o
OUTPUT(DISPLAY.elf elf32-littlearm)
LOAD linker stubs
LOAD C:/ST/STM32CubeIDE_1.15.1/STM32CubeIDE/plugins/com.st.stm32cube.ide.mcu.externaltools.gnu-tools-for-stm32.12.3.rel1.win32_1.1.0.202410251130/tools/bin/../lib/gcc/arm-none-eabi/12.3.1/../../../../arm-none-eabi/lib/thumb/v7e-m+fp/hard\libc.a
LOAD C:/ST/STM32CubeIDE_1.15.1/STM32CubeIDE/plugins/com.st.stm32cube.ide.mcu.externaltools.gnu-tools-for-stm32.12.3.rel1.win32_1.1.0.202410251130/tools/bin/../lib/gcc/arm-none-eabi/12.3.1/../../../../arm-none-eabi/lib/thumb/v7e-m+fp/hard\libm.a
LOAD C:/ST/STM32CubeIDE_1.15.1/STM32CubeIDE/plugins/com.st.stm32cube.ide.mcu.externaltools.gnu-tools-for-stm32.12.3.rel1.win32_1.1.0.202410251130/tools/bin/../lib/gcc/arm-none-eabi/12.3.1/thumb/v7e-m+fp/hard\libgcc.a

.debug_info     0x00000000     0x8710
 .debug_info    0x00000000      0xae1 ./Core/Src/ILI9341.o
 .debug_info    0x00000ae1      0xd69 ./Core/Src/ILI9341_GFX.o
 .debug_info    0x0000184a      0x745 ./Core/Src/Utility.o
 .debug_info    0x00001f8f      0xee1 ./Core/Src/main.o
 .debug_info    0x00002e70      0xa47 ./Core/Src/stm32f4xx_hal_msp.o
 .debug_info    0x000038b7      0x112 ./Core/Src/stm32f4xx_it.o
 .debug_info    0x000039c9      0x6a3 ./Core/Src/syscalls.o
 .debug_info    0x0000406c      0x168 ./Core/Src/sysmem.o
 .debug_info    0x000041d4      0x512 ./Core/Src/system_stm32f4xx.o
 .debug_info    0x000046e6       0x30 ./Core/Startup/startup_stm32f407vetx.o
 .debug_info    0x00004716      0x944 ./Drivers/STM32F4xx_HAL_Driver/Src/stm32f4xx_hal.o
 .debug_info    0x0000505a      0xd8c ./Drivers/STM32F4xx_HAL_Driver/Src/stm32f4xx_hal_cortex.o
 .debug_info    0x00005de6      0x6c3 ./Drivers/STM32F4xx_HAL_Driver/Src/stm32f4xx_hal_gpio.o
 .debug_info    0x000064a9      0x8af ./Drivers/STM32F4xx_HAL_Driver/Src/stm32f4xx_hal_rcc.o
 .debug_info    0x00006d58      0x493 ./Drivers/STM32F4xx_HAL_Driver/Src/stm32f4xx_hal_rng.o
 .debug_info    0x000071eb     0x1525 ./Drivers/STM32F4xx_HAL_Driver/Src/stm32f4xx_hal_spi.o

.debug_abbrev   0x00000000     0x1cad
 .debug_abbrev  0x00000000      0x26d ./Core/Src/ILI9341.o
 .debug_abbrev  0x0000026d      0x225 ./Core/Src/ILI9341_GFX.o
 .debug_abbrev  0x00000492      0x165 ./Core/Src/Utility.o
 .debug_abbrev  0x000005f7      0x2ce ./Core/Src/main.o
 .debug_abbrev  0x000008c5      0x1cb ./Core/Src/stm32f4xx_hal_msp.o
 .debug_abbrev  0x00000a90       0x73 ./Core/Src/stm32f4xx_it.o
 .debug_abbrev  0x00000b03      0x1b6 ./Core/Src/syscalls.o
 .debug_abbrev  0x00000cb9       0xbc ./Core/Src/sysmem.o
 .debug_abbrev  0x00000d75      0x11a ./Core/Src/system_stm32f4xx.o
 .debug_abbrev  0x00000e8f       0x24 ./Core/Startup/startup_stm32f407vetx.o
 .debug_abbrev  0x00000eb3      0x214 ./Drivers/STM32F4xx_HAL_Driver/Src/stm32f4xx_hal.o
 .debug_abbrev  0x000010c7      0x31d ./Drivers/STM32F4xx_HAL_Driver/Src/stm32f4xx_hal_cortex.o
 .debug_abbrev  0x000013e4      0x1d4 ./Drivers/STM32F4xx_HAL_Driver/Src/stm32f4xx_hal_gpio.o
 .debug_abbrev  0x000015b8      0x2b7 ./Drivers/STM32F4xx_HAL_Driver/Src/stm32f4xx_hal_rcc.o
 .debug_abbrev  0x0000186f      0x1c4 ./Drivers/STM32F4xx_HAL_Driver/Src/stm32f4xx_hal_rng.o
 .debug_abbrev  0x00001a33      0x27a ./Drivers/STM32F4xx_HAL_Driver/Src/stm32f4xx_hal_spi.o

.debug_aranges  0x00000000      0x8e0
 .debug_aranges
                0x00000000       0x98 ./Core/Src/ILI9341.o
 .debug_aranges
                0x00000098       0x50 ./Core/Src/ILI9341_GFX.o
 .debug_aranges
                0x000000e8       0xa0 ./Core/Src/Utility.o
 .debug_aranges
                0x00000188       0x48 ./Core/Src/main.o
 .debug_aranges
                0x000001d0       0x40 ./Core/Src/stm32f4xx_hal_msp.o
 .debug_aranges
                0x00000210       0x60 ./Core/Src/stm32f4xx_it.o
 .debug_aranges
                0x00000270       0xa8 ./Core/Src/syscalls.o
 .debug_aranges
                0x00000318       0x20 ./Core/Src/sysmem.o
 .debug_aranges
                0x00000338       0x28 ./Core/Src/system_stm32f4xx.o
 .debug_aranges
                0x00000360       0x28 ./Core/Startup/startup_stm32f407vetx.o
 .debug_aranges
                0x00000388       0xf0 ./Drivers/STM32F4xx_HAL_Driver/Src/stm32f4xx_hal.o
 .debug_aranges
                0x00000478      0x130 ./Drivers/STM32F4xx_HAL_Driver/Src/stm32f4xx_hal_cortex.o
 .debug_aranges
                0x000005a8       0x58 ./Drivers/STM32F4xx_HAL_Driver/Src/stm32f4xx_hal_gpio.o
 .debug_aranges
                0x00000600       0x88 ./Drivers/STM32F4xx_HAL_Driver/Src/stm32f4xx_hal_rcc.o
 .debug_aranges
                0x00000688       0x88 ./Drivers/STM32F4xx_HAL_Driver/Src/stm32f4xx_hal_rng.o
 .debug_aranges
                0x00000710      0x1d0 ./Drivers/STM32F4xx_HAL_Driver/Src/stm32f4xx_hal_spi.o

.debug_rnglists
                0x00000000      0x68e
 .debug_rnglists
                0x00000000       0x75 ./Core/Src/ILI9341.o
 .debug_rnglists
                0x00000075       0x3d ./Core/Src/ILI9341_GFX.o
 .debug_rnglists
                0x000000b2       0x74 ./Core/Src/Utility.o
 .debug_rnglists
                0x00000126       0x34 ./Core/Src/main.o
 .debug_rnglists
                0x0000015a       0x2c ./Core/Src/stm32f4xx_hal_msp.o
 .debug_rnglists
                0x00000186       0x43 ./Core/Src/stm32f4xx_it.o
 .debug_rnglists
                0x000001c9       0x79 ./Core/Src/syscalls.o
 .debug_rnglists
                0x00000242       0x13 ./Core/Src/sysmem.o
 .debug_rnglists
                0x00000255       0x1a ./Core/Src/system_stm32f4xx.o
 .debug_rnglists
                0x0000026f       0x19 ./Core/Startup/startup_stm32f407vetx.o
 .debug_rnglists
                0x00000288       0xaf ./Drivers/STM32F4xx_HAL_Driver/Src/stm32f4xx_hal.o
 .debug_rnglists
                0x00000337       0xe0 ./Drivers/STM32F4xx_HAL_Driver/Src/stm32f4xx_hal_cortex.o
 .debug_rnglists
                0x00000417       0x3f ./Drivers/STM32F4xx_HAL_Driver/Src/stm32f4xx_hal_gpio.o
 .debug_rnglists
                0x00000456       0x66 ./Drivers/STM32F4xx_HAL_Driver/Src/stm32f4xx_hal_rcc.o
 .debug_rnglists
                0x000004bc       0x63 ./Drivers/STM32F4xx_HAL_Driver/Src/stm32f4xx_hal_rng.o
 .debug_rnglists
                0x0000051f      0x16f ./Drivers/STM32F4xx_HAL_Driver/Src/stm32f4xx_hal_spi.o

.debug_macro    0x00000000    0x21893
 .debug_macro   0x00000000      0x1e2 ./Core/Src/ILI9341.o
 .debug_macro   0x000001e2      0xab4 ./Core/Src/ILI9341.o
 .debug_macro   0x00000c96      0x29b ./Core/Src/ILI9341.o
 .debug_macro   0x00000f31       0x2e ./Core/Src/ILI9341.o
 .debug_macro   0x00000f5f       0x2f ./Core/Src/ILI9341.o
 .debug_macro   0x00000f8e       0x22 ./Core/Src/ILI9341.o
 .debug_macro   0x00000fb0       0x8e ./Core/Src/ILI9341.o
 .debug_macro   0x0000103e       0x51 ./Core/Src/ILI9341.o
 .debug_macro   0x0000108f      0x103 ./Core/Src/ILI9341.o
 .debug_macro   0x00001192       0x6a ./Core/Src/ILI9341.o
 .debug_macro   0x000011fc      0x1df ./Core/Src/ILI9341.o
 .debug_macro   0x000013db       0x1c ./Core/Src/ILI9341.o
 .debug_macro   0x000013f7       0x22 ./Core/Src/ILI9341.o
 .debug_macro   0x00001419       0xfb ./Core/Src/ILI9341.o
 .debug_macro   0x00001514     0x1011 ./Core/Src/ILI9341.o
 .debug_macro   0x00002525      0x11f ./Core/Src/ILI9341.o
 .debug_macro   0x00002644    0x15e97 ./Core/Src/ILI9341.o
 .debug_macro   0x000184db       0x6d ./Core/Src/ILI9341.o
 .debug_macro   0x00018548     0x369a ./Core/Src/ILI9341.o
 .debug_macro   0x0001bbe2      0x189 ./Core/Src/ILI9341.o
 .debug_macro   0x0001bd6b       0x5c ./Core/Src/ILI9341.o
 .debug_macro   0x0001bdc7      0x980 ./Core/Src/ILI9341.o
 .debug_macro   0x0001c747      0x9e9 ./Core/Src/ILI9341.o
 .debug_macro   0x0001d130      0x115 ./Core/Src/ILI9341.o
 .debug_macro   0x0001d245      0x13e ./Core/Src/ILI9341.o
 .debug_macro   0x0001d383       0xa5 ./Core/Src/ILI9341.o
 .debug_macro   0x0001d428      0x174 ./Core/Src/ILI9341.o
 .debug_macro   0x0001d59c      0x287 ./Core/Src/ILI9341.o
 .debug_macro   0x0001d823       0x5f ./Core/Src/ILI9341.o
 .debug_macro   0x0001d882      0x236 ./Core/Src/ILI9341.o
 .debug_macro   0x0001dab8      0x12c ./Core/Src/ILI9341.o
 .debug_macro   0x0001dbe4      0x21e ./Core/Src/ILI9341.o
 .debug_macro   0x0001de02       0x2e ./Core/Src/ILI9341.o
 .debug_macro   0x0001de30      0x127 ./Core/Src/ILI9341.o
 .debug_macro   0x0001df57       0x7e ./Core/Src/ILI9341.o
 .debug_macro   0x0001dfd5       0x89 ./Core/Src/ILI9341.o
 .debug_macro   0x0001e05e       0xa4 ./Core/Src/ILI9341.o
 .debug_macro   0x0001e102      0x225 ./Core/Src/ILI9341.o
 .debug_macro   0x0001e327      0x12d ./Core/Src/ILI9341.o
 .debug_macro   0x0001e454       0x34 ./Core/Src/ILI9341.o
 .debug_macro   0x0001e488       0xa0 ./Core/Src/ILI9341.o
 .debug_macro   0x0001e528      0x1f5 ./Core/Src/ILI9341_GFX.o
 .debug_macro   0x0001e71d       0x16 ./Core/Src/ILI9341_GFX.o
 .debug_macro   0x0001e733      0x1eb ./Core/Src/Utility.o
 .debug_macro   0x0001e91e       0xa0 ./Core/Src/Utility.o
 .debug_macro   0x0001e9be      0x32f ./Core/Src/main.o
 .debug_macro   0x0001eced       0xa6 ./Core/Src/main.o
 .debug_macro   0x0001ed93       0xa6 ./Core/Src/main.o
 .debug_macro   0x0001ee39       0x61 ./Core/Src/main.o
 .debug_macro   0x0001ee9a       0x2a ./Core/Src/main.o
 .debug_macro   0x0001eec4       0x43 ./Core/Src/main.o
 .debug_macro   0x0001ef07       0x34 ./Core/Src/main.o
 .debug_macro   0x0001ef3b       0x16 ./Core/Src/main.o
 .debug_macro   0x0001ef51       0x43 ./Core/Src/main.o
 .debug_macro   0x0001ef94       0x34 ./Core/Src/main.o
 .debug_macro   0x0001efc8       0x10 ./Core/Src/main.o
 .debug_macro   0x0001efd8       0x58 ./Core/Src/main.o
 .debug_macro   0x0001f030       0x8e ./Core/Src/main.o
 .debug_macro   0x0001f0be       0x1c ./Core/Src/main.o
 .debug_macro   0x0001f0da      0x177 ./Core/Src/main.o
 .debug_macro   0x0001f251      0x369 ./Core/Src/main.o
 .debug_macro   0x0001f5ba       0x10 ./Core/Src/main.o
 .debug_macro   0x0001f5ca       0x35 ./Core/Src/main.o
 .debug_macro   0x0001f5ff       0x20 ./Core/Src/main.o
 .debug_macro   0x0001f61f       0x1c ./Core/Src/main.o
 .debug_macro   0x0001f63b       0x10 ./Core/Src/main.o
 .debug_macro   0x0001f64b       0x1c ./Core/Src/main.o
 .debug_macro   0x0001f667       0x16 ./Core/Src/main.o
 .debug_macro   0x0001f67d      0x146 ./Core/Src/main.o
 .debug_macro   0x0001f7c3       0x10 ./Core/Src/main.o
 .debug_macro   0x0001f7d3       0x10 ./Core/Src/main.o
 .debug_macro   0x0001f7e3       0x10 ./Core/Src/main.o
 .debug_macro   0x0001f7f3       0x10 ./Core/Src/main.o
 .debug_macro   0x0001f803       0x10 ./Core/Src/main.o
 .debug_macro   0x0001f813      0x1d3 ./Core/Src/stm32f4xx_hal_msp.o
 .debug_macro   0x0001f9e6      0x1dd ./Core/Src/stm32f4xx_it.o
 .debug_macro   0x0001fbc3      0x274 ./Core/Src/syscalls.o
 .debug_macro   0x0001fe37       0x5b ./Core/Src/syscalls.o
 .debug_macro   0x0001fe92       0x94 ./Core/Src/syscalls.o
 .debug_macro   0x0001ff26       0x57 ./Core/Src/syscalls.o
 .debug_macro   0x0001ff7d       0x10 ./Core/Src/syscalls.o
 .debug_macro   0x0001ff8d       0x10 ./Core/Src/syscalls.o
 .debug_macro   0x0001ff9d       0x10 ./Core/Src/syscalls.o
 .debug_macro   0x0001ffad       0x10 ./Core/Src/syscalls.o
 .debug_macro   0x0001ffbd       0x1c ./Core/Src/syscalls.o
 .debug_macro   0x0001ffd9       0x52 ./Core/Src/syscalls.o
 .debug_macro   0x0002002b       0x22 ./Core/Src/syscalls.o
 .debug_macro   0x0002004d       0x10 ./Core/Src/syscalls.o
 .debug_macro   0x0002005d       0x52 ./Core/Src/syscalls.o
 .debug_macro   0x000200af       0xcf ./Core/Src/syscalls.o
 .debug_macro   0x0002017e       0x1c ./Core/Src/syscalls.o
 .debug_macro   0x0002019a       0x3d ./Core/Src/syscalls.o
 .debug_macro   0x000201d7       0x35 ./Core/Src/syscalls.o
 .debug_macro   0x0002020c      0x12c ./Core/Src/syscalls.o
 .debug_macro   0x00020338       0x16 ./Core/Src/syscalls.o
 .debug_macro   0x0002034e       0x16 ./Core/Src/syscalls.o
 .debug_macro   0x00020364       0x29 ./Core/Src/syscalls.o
 .debug_macro   0x0002038d       0x10 ./Core/Src/syscalls.o
 .debug_macro   0x0002039d      0x242 ./Core/Src/syscalls.o
 .debug_macro   0x000205df       0x10 ./Core/Src/syscalls.o
 .debug_macro   0x000205ef      0x18a ./Core/Src/syscalls.o
 .debug_macro   0x00020779       0x16 ./Core/Src/syscalls.o
 .debug_macro   0x0002078f       0xce ./Core/Src/syscalls.o
 .debug_macro   0x0002085d       0xff ./Core/Src/sysmem.o
 .debug_macro   0x0002095c      0x23c ./Core/Src/sysmem.o
 .debug_macro   0x00020b98      0x1c4 ./Core/Src/system_stm32f4xx.o
 .debug_macro   0x00020d5c      0x224 ./Drivers/STM32F4xx_HAL_Driver/Src/stm32f4xx_hal.o
 .debug_macro   0x00020f80      0x1c4 ./Drivers/STM32F4xx_HAL_Driver/Src/stm32f4xx_hal_cortex.o
 .debug_macro   0x00021144      0x1ca ./Drivers/STM32F4xx_HAL_Driver/Src/stm32f4xx_hal_gpio.o
 .debug_macro   0x0002130e      0x1e8 ./Drivers/STM32F4xx_HAL_Driver/Src/stm32f4xx_hal_rcc.o
 .debug_macro   0x000214f6      0x1ca ./Drivers/STM32F4xx_HAL_Driver/Src/stm32f4xx_hal_rng.o
 .debug_macro   0x000216c0      0x1d3 ./Drivers/STM32F4xx_HAL_Driver/Src/stm32f4xx_hal_spi.o

.debug_line     0x00000000     0xa80c
 .debug_line    0x00000000      0xa95 ./Core/Src/ILI9341.o
 .debug_line    0x00000a95      0xb5f ./Core/Src/ILI9341_GFX.o
 .debug_line    0x000015f4      0xa71 ./Core/Src/Utility.o
 .debug_line    0x00002065      0xa74 ./Core/Src/main.o
 .debug_line    0x00002ad9      0x7b0 ./Core/Src/stm32f4xx_hal_msp.o
 .debug_line    0x00003289      0x7ee ./Core/Src/stm32f4xx_it.o
 .debug_line    0x00003a77      0x8a8 ./Core/Src/syscalls.o
 .debug_line    0x0000431f      0x579 ./Core/Src/sysmem.o
 .debug_line    0x00004898      0x7b0 ./Core/Src/system_stm32f4xx.o
 .debug_line    0x00005048       0x7a ./Core/Startup/startup_stm32f407vetx.o
 .debug_line    0x000050c2      0xa19 ./Drivers/STM32F4xx_HAL_Driver/Src/stm32f4xx_hal.o
 .debug_line    0x00005adb      0xd0b ./Drivers/STM32F4xx_HAL_Driver/Src/stm32f4xx_hal_cortex.o
 .debug_line    0x000067e6      0xba5 ./Drivers/STM32F4xx_HAL_Driver/Src/stm32f4xx_hal_gpio.o
 .debug_line    0x0000738b      0xda2 ./Drivers/STM32F4xx_HAL_Driver/Src/stm32f4xx_hal_rcc.o
 .debug_line    0x0000812d      0x9a8 ./Drivers/STM32F4xx_HAL_Driver/Src/stm32f4xx_hal_rng.o
 .debug_line    0x00008ad5     0x1d37 ./Drivers/STM32F4xx_HAL_Driver/Src/stm32f4xx_hal_spi.o

.debug_str      0x00000000    0xc4daf
 .debug_str     0x00000000    0xbcf2c ./Core/Src/ILI9341.o
                              0xbd226 (size before relaxing)
 .debug_str     0x000bcf2c      0x1e8 ./Core/Src/ILI9341_GFX.o
                              0xbd274 (size before relaxing)
 .debug_str     0x000bd114      0x4a3 ./Core/Src/Utility.o
                              0xbcd8d (size before relaxing)
 .debug_str     0x000bd5b7     0x3bc8 ./Core/Src/main.o
                              0xc0fd3 (size before relaxing)
 .debug_str     0x000c117f       0x85 ./Core/Src/stm32f4xx_hal_msp.o
                              0xbd018 (size before relaxing)
 .debug_str     0x000c1204       0xc9 ./Core/Src/stm32f4xx_it.o
                              0xbc9d7 (size before relaxing)
 .debug_str     0x000c12cd     0x20a6 ./Core/Src/syscalls.o
                               0x98a3 (size before relaxing)
 .debug_str     0x000c3373       0x6b ./Core/Src/sysmem.o
                               0x60bb (size before relaxing)
 .debug_str     0x000c33de       0xdb ./Core/Src/system_stm32f4xx.o
                              0xbca32 (size before relaxing)
 .debug_str     0x000c34b9       0x44 ./Core/Startup/startup_stm32f407vetx.o
                                 0x6e (size before relaxing)
 .debug_str     0x000c34fd      0xaee ./Drivers/STM32F4xx_HAL_Driver/Src/stm32f4xx_hal.o
                              0xbd5b6 (size before relaxing)
 .debug_str     0x000c3feb      0x388 ./Drivers/STM32F4xx_HAL_Driver/Src/stm32f4xx_hal_cortex.o
                              0xbd332 (size before relaxing)
 .debug_str     0x000c4373      0x116 ./Drivers/STM32F4xx_HAL_Driver/Src/stm32f4xx_hal_gpio.o
                              0xbcbad (size before relaxing)
 .debug_str     0x000c4489      0x233 ./Drivers/STM32F4xx_HAL_Driver/Src/stm32f4xx_hal_rcc.o
                              0xbce66 (size before relaxing)
 .debug_str     0x000c46bc      0x16f ./Drivers/STM32F4xx_HAL_Driver/Src/stm32f4xx_hal_rng.o
                              0xbcb32 (size before relaxing)
 .debug_str     0x000c482b      0x584 ./Drivers/STM32F4xx_HAL_Driver/Src/stm32f4xx_hal_spi.o
                              0xbd2f0 (size before relaxing)

.comment        0x00000000       0x43
 .comment       0x00000000       0x43 ./Core/Src/ILI9341.o
                                 0x44 (size before relaxing)
 .comment       0x00000043       0x44 ./Core/Src/ILI9341_GFX.o
 .comment       0x00000043       0x44 ./Core/Src/Utility.o
 .comment       0x00000043       0x44 ./Core/Src/main.o
 .comment       0x00000043       0x44 ./Core/Src/stm32f4xx_hal_msp.o
 .comment       0x00000043       0x44 ./Core/Src/stm32f4xx_it.o
 .comment       0x00000043       0x44 ./Core/Src/syscalls.o
 .comment       0x00000043       0x44 ./Core/Src/sysmem.o
 .comment       0x00000043       0x44 ./Core/Src/system_stm32f4xx.o
 .comment       0x00000043       0x44 ./Drivers/STM32F4xx_HAL_Driver/Src/stm32f4xx_hal.o
 .comment       0x00000043       0x44 ./Drivers/STM32F4xx_HAL_Driver/Src/stm32f4xx_hal_cortex.o
 .comment       0x00000043       0x44 ./Drivers/STM32F4xx_HAL_Driver/Src/stm32f4xx_hal_gpio.o
 .comment       0x00000043       0x44 ./Drivers/STM32F4xx_HAL_Driver/Src/stm32f4xx_hal_rcc.o
 .comment       0x00000043       0x44 ./Drivers/STM32F4xx_HAL_Driver/Src/stm32f4xx_hal_rng.o
 .comment       0x00000043       0x44 ./Drivers/STM32F4xx_HAL_Driver/Src/stm32f4xx_hal_spi.o

.debug_frame    0x00000000     0x28e0
 .debug_frame   0x00000000      0x24c ./Core/Src/ILI9341.o
 .debug_frame   0x0000024c      0x128 ./Core/Src/ILI9341_GFX.o
 .debug_frame   0x00000374      0x28c ./Core/Src/Utility.o
 .debug_frame   0x00000600       0xc8 ./Core/Src/main.o
 .debug_frame   0x000006c8       0xd0 ./Core/Src/stm32f4xx_hal_msp.o
 .debug_frame   0x00000798      0x104 ./Core/Src/stm32f4xx_it.o
 .debug_frame   0x0000089c      0x2ac ./Core/Src/syscalls.o
 .debug_frame   0x00000b48       0x34 ./Core/Src/sysmem.o
 .debug_frame   0x00000b7c       0x58 ./Core/Src/system_stm32f4xx.o
 .debug_frame   0x00000bd4      0x374 ./Drivers/STM32F4xx_HAL_Driver/Src/stm32f4xx_hal.o
 .debug_frame   0x00000f48      0x508 ./Drivers/STM32F4xx_HAL_Driver/Src/stm32f4xx_hal_cortex.o
 .debug_frame   0x00001450      0x14c ./Drivers/STM32F4xx_HAL_Driver/Src/stm32f4xx_hal_gpio.o
 .debug_frame   0x0000159c      0x1f4 ./Drivers/STM32F4xx_HAL_Driver/Src/stm32f4xx_hal_rcc.o
 .debug_frame   0x00001790      0x22c ./Drivers/STM32F4xx_HAL_Driver/Src/stm32f4xx_hal_rng.o
 .debug_frame   0x000019bc      0x828 ./Drivers/STM32F4xx_HAL_Driver/Src/stm32f4xx_hal_spi.o
 .debug_frame   0x000021e4      0x144 C:/ST/STM32CubeIDE_1.15.1/STM32CubeIDE/plugins/com.st.stm32cube.ide.mcu.externaltools.gnu-tools-for-stm32.12.3.rel1.win32_1.1.0.202410251130/tools/bin/../lib/gcc/arm-none-eabi/12.3.1/../../../../arm-none-eabi/lib/thumb/v7e-m+fp/hard\libc_nano.a(libc_a-findfp.o)
 .debug_frame   0x00002328       0x34 C:/ST/STM32CubeIDE_1.15.1/STM32CubeIDE/plugins/com.st.stm32cube.ide.mcu.externaltools.gnu-tools-for-stm32.12.3.rel1.win32_1.1.0.202410251130/tools/bin/../lib/gcc/arm-none-eabi/12.3.1/../../../../arm-none-eabi/lib/thumb/v7e-m+fp/hard\libc_nano.a(libc_a-fwalk.o)
 .debug_frame   0x0000235c       0x3c C:/ST/STM32CubeIDE_1.15.1/STM32CubeIDE/plugins/com.st.stm32cube.ide.mcu.externaltools.gnu-tools-for-stm32.12.3.rel1.win32_1.1.0.202410251130/tools/bin/../lib/gcc/arm-none-eabi/12.3.1/../../../../arm-none-eabi/lib/thumb/v7e-m+fp/hard\libc_nano.a(libc_a-puts.o)
 .debug_frame   0x00002398       0x88 C:/ST/STM32CubeIDE_1.15.1/STM32CubeIDE/plugins/com.st.stm32cube.ide.mcu.externaltools.gnu-tools-for-stm32.12.3.rel1.win32_1.1.0.202410251130/tools/bin/../lib/gcc/arm-none-eabi/12.3.1/../../../../arm-none-eabi/lib/thumb/v7e-m+fp/hard\libc_nano.a(libc_a-stdio.o)
 .debug_frame   0x00002420       0x40 C:/ST/STM32CubeIDE_1.15.1/STM32CubeIDE/plugins/com.st.stm32cube.ide.mcu.externaltools.gnu-tools-for-stm32.12.3.rel1.win32_1.1.0.202410251130/tools/bin/../lib/gcc/arm-none-eabi/12.3.1/../../../../arm-none-eabi/lib/thumb/v7e-m+fp/hard\libc_nano.a(libc_a-wbuf.o)
 .debug_frame   0x00002460       0x2c C:/ST/STM32CubeIDE_1.15.1/STM32CubeIDE/plugins/com.st.stm32cube.ide.mcu.externaltools.gnu-tools-for-stm32.12.3.rel1.win32_1.1.0.202410251130/tools/bin/../lib/gcc/arm-none-eabi/12.3.1/../../../../arm-none-eabi/lib/thumb/v7e-m+fp/hard\libc_nano.a(libc_a-wsetup.o)
 .debug_frame   0x0000248c       0x20 C:/ST/STM32CubeIDE_1.15.1/STM32CubeIDE/plugins/com.st.stm32cube.ide.mcu.externaltools.gnu-tools-for-stm32.12.3.rel1.win32_1.1.0.202410251130/tools/bin/../lib/gcc/arm-none-eabi/12.3.1/../../../../arm-none-eabi/lib/thumb/v7e-m+fp/hard\libc_nano.a(libc_a-memset.o)
 .debug_frame   0x000024ac       0x2c C:/ST/STM32CubeIDE_1.15.1/STM32CubeIDE/plugins/com.st.stm32cube.ide.mcu.externaltools.gnu-tools-for-stm32.12.3.rel1.win32_1.1.0.202410251130/tools/bin/../lib/gcc/arm-none-eabi/12.3.1/../../../../arm-none-eabi/lib/thumb/v7e-m+fp/hard\libc_nano.a(libc_a-closer.o)
 .debug_frame   0x000024d8       0x38 C:/ST/STM32CubeIDE_1.15.1/STM32CubeIDE/plugins/com.st.stm32cube.ide.mcu.externaltools.gnu-tools-for-stm32.12.3.rel1.win32_1.1.0.202410251130/tools/bin/../lib/gcc/arm-none-eabi/12.3.1/../../../../arm-none-eabi/lib/thumb/v7e-m+fp/hard\libc_nano.a(libc_a-reent.o)
 .debug_frame   0x00002510       0x2c C:/ST/STM32CubeIDE_1.15.1/STM32CubeIDE/plugins/com.st.stm32cube.ide.mcu.externaltools.gnu-tools-for-stm32.12.3.rel1.win32_1.1.0.202410251130/tools/bin/../lib/gcc/arm-none-eabi/12.3.1/../../../../arm-none-eabi/lib/thumb/v7e-m+fp/hard\libc_nano.a(libc_a-lseekr.o)
 .debug_frame   0x0000253c       0x2c C:/ST/STM32CubeIDE_1.15.1/STM32CubeIDE/plugins/com.st.stm32cube.ide.mcu.externaltools.gnu-tools-for-stm32.12.3.rel1.win32_1.1.0.202410251130/tools/bin/../lib/gcc/arm-none-eabi/12.3.1/../../../../arm-none-eabi/lib/thumb/v7e-m+fp/hard\libc_nano.a(libc_a-readr.o)
 .debug_frame   0x00002568       0x2c C:/ST/STM32CubeIDE_1.15.1/STM32CubeIDE/plugins/com.st.stm32cube.ide.mcu.externaltools.gnu-tools-for-stm32.12.3.rel1.win32_1.1.0.202410251130/tools/bin/../lib/gcc/arm-none-eabi/12.3.1/../../../../arm-none-eabi/lib/thumb/v7e-m+fp/hard\libc_nano.a(libc_a-writer.o)
 .debug_frame   0x00002594       0x20 C:/ST/STM32CubeIDE_1.15.1/STM32CubeIDE/plugins/com.st.stm32cube.ide.mcu.externaltools.gnu-tools-for-stm32.12.3.rel1.win32_1.1.0.202410251130/tools/bin/../lib/gcc/arm-none-eabi/12.3.1/../../../../arm-none-eabi/lib/thumb/v7e-m+fp/hard\libc_nano.a(libc_a-errno.o)
 .debug_frame   0x000025b4       0x2c C:/ST/STM32CubeIDE_1.15.1/STM32CubeIDE/plugins/com.st.stm32cube.ide.mcu.externaltools.gnu-tools-for-stm32.12.3.rel1.win32_1.1.0.202410251130/tools/bin/../lib/gcc/arm-none-eabi/12.3.1/../../../../arm-none-eabi/lib/thumb/v7e-m+fp/hard\libc_nano.a(libc_a-init.o)
 .debug_frame   0x000025e0       0xb0 C:/ST/STM32CubeIDE_1.15.1/STM32CubeIDE/plugins/com.st.stm32cube.ide.mcu.externaltools.gnu-tools-for-stm32.12.3.rel1.win32_1.1.0.202410251130/tools/bin/../lib/gcc/arm-none-eabi/12.3.1/../../../../arm-none-eabi/lib/thumb/v7e-m+fp/hard\libc_nano.a(libc_a-lock.o)
 .debug_frame   0x00002690       0x38 C:/ST/STM32CubeIDE_1.15.1/STM32CubeIDE/plugins/com.st.stm32cube.ide.mcu.externaltools.gnu-tools-for-stm32.12.3.rel1.win32_1.1.0.202410251130/tools/bin/../lib/gcc/arm-none-eabi/12.3.1/../../../../arm-none-eabi/lib/thumb/v7e-m+fp/hard\libc_nano.a(libc_a-freer.o)
 .debug_frame   0x000026c8       0x50 C:/ST/STM32CubeIDE_1.15.1/STM32CubeIDE/plugins/com.st.stm32cube.ide.mcu.externaltools.gnu-tools-for-stm32.12.3.rel1.win32_1.1.0.202410251130/tools/bin/../lib/gcc/arm-none-eabi/12.3.1/../../../../arm-none-eabi/lib/thumb/v7e-m+fp/hard\libc_nano.a(libc_a-mallocr.o)
 .debug_frame   0x00002718       0x30 C:/ST/STM32CubeIDE_1.15.1/STM32CubeIDE/plugins/com.st.stm32cube.ide.mcu.externaltools.gnu-tools-for-stm32.12.3.rel1.win32_1.1.0.202410251130/tools/bin/../lib/gcc/arm-none-eabi/12.3.1/../../../../arm-none-eabi/lib/thumb/v7e-m+fp/hard\libc_nano.a(libc_a-mlock.o)
 .debug_frame   0x00002748       0x5c C:/ST/STM32CubeIDE_1.15.1/STM32CubeIDE/plugins/com.st.stm32cube.ide.mcu.externaltools.gnu-tools-for-stm32.12.3.rel1.win32_1.1.0.202410251130/tools/bin/../lib/gcc/arm-none-eabi/12.3.1/../../../../arm-none-eabi/lib/thumb/v7e-m+fp/hard\libc_nano.a(libc_a-fflush.o)
 .debug_frame   0x000027a4       0x58 C:/ST/STM32CubeIDE_1.15.1/STM32CubeIDE/plugins/com.st.stm32cube.ide.mcu.externaltools.gnu-tools-for-stm32.12.3.rel1.win32_1.1.0.202410251130/tools/bin/../lib/gcc/arm-none-eabi/12.3.1/../../../../arm-none-eabi/lib/thumb/v7e-m+fp/hard\libc_nano.a(libc_a-makebuf.o)
 .debug_frame   0x000027fc       0x2c C:/ST/STM32CubeIDE_1.15.1/STM32CubeIDE/plugins/com.st.stm32cube.ide.mcu.externaltools.gnu-tools-for-stm32.12.3.rel1.win32_1.1.0.202410251130/tools/bin/../lib/gcc/arm-none-eabi/12.3.1/../../../../arm-none-eabi/lib/thumb/v7e-m+fp/hard\libc_nano.a(libc_a-fstatr.o)
 .debug_frame   0x00002828       0x2c C:/ST/STM32CubeIDE_1.15.1/STM32CubeIDE/plugins/com.st.stm32cube.ide.mcu.externaltools.gnu-tools-for-stm32.12.3.rel1.win32_1.1.0.202410251130/tools/bin/../lib/gcc/arm-none-eabi/12.3.1/../../../../arm-none-eabi/lib/thumb/v7e-m+fp/hard\libc_nano.a(libc_a-isattyr.o)
 .debug_frame   0x00002854       0x2c C:/ST/STM32CubeIDE_1.15.1/STM32CubeIDE/plugins/com.st.stm32cube.ide.mcu.externaltools.gnu-tools-for-stm32.12.3.rel1.win32_1.1.0.202410251130/tools/bin/../lib/gcc/arm-none-eabi/12.3.1/../../../../arm-none-eabi/lib/thumb/v7e-m+fp/hard\libc_nano.a(libc_a-sbrkr.o)
 .debug_frame   0x00002880       0x2c C:/ST/STM32CubeIDE_1.15.1/STM32CubeIDE/plugins/com.st.stm32cube.ide.mcu.externaltools.gnu-tools-for-stm32.12.3.rel1.win32_1.1.0.202410251130/tools/bin/../lib/gcc/arm-none-eabi/12.3.1/thumb/v7e-m+fp/hard\libgcc.a(_aeabi_uldivmod.o)
 .debug_frame   0x000028ac       0x34 C:/ST/STM32CubeIDE_1.15.1/STM32CubeIDE/plugins/com.st.stm32cube.ide.mcu.externaltools.gnu-tools-for-stm32.12.3.rel1.win32_1.1.0.202410251130/tools/bin/../lib/gcc/arm-none-eabi/12.3.1/thumb/v7e-m+fp/hard\libgcc.a(_udivmoddi4.o)

.debug_line_str
                0x00000000       0x52
 .debug_line_str
                0x00000000       0x52 ./Core/Startup/startup_stm32f407vetx.o
