../Core/Src/ILI9341.c:12:6:ILI9341_SPI_init	8	static
../Core/Src/ILI9341.c:16:6:ILI9341_SPI_SEND	16	static
../Core/Src/ILI9341.c:21:6:ILI9341_Write_Command	16	static
../Core/Src/ILI9341.c:30:6:ILI9341_Write_Data	16	static
../Core/Src/ILI9341.c:39:6:ILI9341_Set_Address	24	static
../Core/Src/ILI9341.c:56:6:ILI9341_Reset	8	static
../Core/Src/ILI9341.c:66:6:ILI9341_Set_Rotation	24	static
../Core/Src/ILI9341.c:101:6:ILI9341_Enable	8	static
../Core/Src/ILI9341.c:108:6:ILI9341_Init	8	static
../Core/Src/ILI9341.c:248:6:ILI9341_Draw_Colour	24	static
../Core/Src/ILI9341.c:261:6:ILI9341_Draw_Colour_Burst	80	dynamic
../Core/Src/ILI9341.c:306:6:ILI9341_Fill_Screen	16	static
../Core/Src/ILI9341.c:319:6:ILI9341_Draw_Pixel	32	static
../Core/Src/ILI9341.c:371:6:ILI9341_Draw_Rectangle	24	static
../Core/Src/ILI9341.c:387:6:ILI9341_Draw_Horizontal_Line	24	static
../Core/Src/ILI9341.c:399:6:ILI9341_Draw_Vertical_Line	24	static
